login as: centos
Authenticating with public key "imported-openssh-key"
Last login: Mon Apr 22 02:50:08 2019 from 49.207.55.135
[centos@ip-172-31-88-197 ~]$ sudo su -
Last login: Mon Apr 22 02:50:11 UTC 2019 on pts/0
[root@ip-172-31-88-197 ~]# cat /var/lib/jenkins/secrets/initialAdminPassword
4c468deb98a34bec8f7a0bcdf85548e4
[root@ip-172-31-88-197 ~]# exit
logout
[centos@ip-172-31-88-197 ~]$ ssh 54.90.89.101
The authenticity of host '54.90.89.101 (54.90.89.101)' can't be established.
ECDSA key fingerprint is SHA256:BDdzFuv464DOveM3u/TZnvzRV2PyxLnKsarOagBEBRw.
ECDSA key fingerprint is MD5:a4:3f:8c:7c:2e:e3:8c:07:9a:d0:df:3f:7c:2e:f1:3a.
Are you sure you want to continue connecting (yes/no)? yes
Warning: Permanently added '54.90.89.101' (ECDSA) to the list of known hosts.
Last login: Thu Apr 18 03:54:17 2019 from ip-172-31-88-197.ec2.internal
[centos@ip-172-31-84-95 ~]$ sudo su -
Last login: Sun Feb 24 04:45:46 UTC 2019 on pts/0
[root@ip-172-31-84-95 ~]# cat /etc/sudoers
## Sudoers allows particular users to run various commands as
## the root user, without needing the root password.
##
## Examples are provided at the bottom of the file for collections
## of related commands, which can then be delegated out to particular
## users or groups.
##
## This file must be edited with the 'visudo' command.

## Host Aliases
## Groups of machines. You may prefer to use hostnames (perhaps using
## wildcards for entire domains) or IP addresses instead.
# Host_Alias     FILESERVERS = fs1, fs2
# Host_Alias     MAILSERVERS = smtp, smtp2

## User Aliases
## These aren't often necessary, as you can use regular groups
## (ie, from files, LDAP, NIS, etc) in this file - just use %groupname
## rather than USERALIAS
# User_Alias ADMINS = jsmith, mikem


## Command Aliases
## These are groups of related commands...

## Networking
# Cmnd_Alias NETWORKING = /sbin/route, /sbin/ifconfig, /bin/ping, /sbin/dhclient, /usr/bin/net, /sbin/iptables, /usr/bin/rfcomm, /usr/bin/wvdial, /sbin/iwconfig, /sbin/mii-tool

## Installation and management of software
# Cmnd_Alias SOFTWARE = /bin/rpm, /usr/bin/up2date, /usr/bin/yum

## Services
# Cmnd_Alias SERVICES = /sbin/service, /sbin/chkconfig, /usr/bin/systemctl start, /usr/bin/systemctl stop, /usr/bin/systemctl reload, /usr/bin/systemctl restart, /usr/bin/systemctl status, /usr/bin/systemctl enable, /usr/bin/systemctl disable

## Updating the locate database
# Cmnd_Alias LOCATE = /usr/bin/updatedb

## Storage
# Cmnd_Alias STORAGE = /sbin/fdisk, /sbin/sfdisk, /sbin/parted, /sbin/partprobe, /bin/mount, /bin/umount

## Delegating permissions
# Cmnd_Alias DELEGATING = /usr/sbin/visudo, /bin/chown, /bin/chmod, /bin/chgrp

## Processes
# Cmnd_Alias PROCESSES = /bin/nice, /bin/kill, /usr/bin/kill, /usr/bin/killall

## Drivers
# Cmnd_Alias DRIVERS = /sbin/modprobe

# Defaults specification

#
# Refuse to run if unable to disable echo on the tty.
#
Defaults   !visiblepw

#
# Preserving HOME has security implications since many programs
# use it when searching for configuration files. Note that HOME
# is already set when the the env_reset option is enabled, so
# this option is only effective for configurations where either
# env_reset is disabled or HOME is present in the env_keep list.
#
Defaults    always_set_home
Defaults    match_group_by_gid

# Prior to version 1.8.15, groups listed in sudoers that were not
# found in the system group database were passed to the group
# plugin, if any. Starting with 1.8.15, only groups of the form
# %:group are resolved via the group plugin by default.
# We enable always_query_group_plugin to restore old behavior.
# Disable this option for new behavior.
Defaults    always_query_group_plugin

Defaults    env_reset
Defaults    env_keep =  "COLORS DISPLAY HOSTNAME HISTSIZE KDEDIR LS_COLORS"
Defaults    env_keep += "MAIL PS1 PS2 QTDIR USERNAME LANG LC_ADDRESS LC_CTYPE"
Defaults    env_keep += "LC_COLLATE LC_IDENTIFICATION LC_MEASUREMENT LC_MESSAGES"
Defaults    env_keep += "LC_MONETARY LC_NAME LC_NUMERIC LC_PAPER LC_TELEPHONE"
Defaults    env_keep += "LC_TIME LC_ALL LANGUAGE LINGUAS _XKB_CHARSET XAUTHORITY"

#
# Adding HOME to env_keep may enable a user to run unrestricted
# commands via sudo.
#
# Defaults   env_keep += "HOME"

Defaults    secure_path = /sbin:/bin:/usr/sbin:/usr/bin

## Next comes the main part: which users can run what software on
## which machines (the sudoers file can be shared between multiple
## systems).
## Syntax:
##
##      user    MACHINE=COMMANDS
##
## The COMMANDS section may have other options added to it.
##
## Allow root to run any commands anywhere
root    ALL=(ALL)       ALL

## Allows members of the 'sys' group to run networking, software,
## service management apps and more.
# %sys ALL = NETWORKING, SOFTWARE, SERVICES, STORAGE, DELEGATING, PROCESSES, LOCATE, DRIVERS

## Allows people in group wheel to run all commands
%wheel  ALL=(ALL)       ALL

## Same thing without a password
# %wheel        ALL=(ALL)       NOPASSWD: ALL

## Allows members of the users group to mount and unmount the
## cdrom as root
# %users  ALL=/sbin/mount /mnt/cdrom, /sbin/umount /mnt/cdrom

## Allows members of the users group to shutdown this system
# %users  localhost=/sbin/shutdown -h now

## Read drop-in files from /etc/sudoers.d (the # here does not mean a comment)
#includedir /etc/sudoers.d
[root@ip-172-31-84-95 ~]# id -a ansichg
id: ansichg: no such user
[root@ip-172-31-84-95 ~]# useradd -md /home/ansichg ansichg
[root@ip-172-31-84-95 ~]# id -a ansichg\
> ^C
[root@ip-172-31-84-95 ~]# id -a ansichg
uid=1002(ansichg) gid=1002(ansichg) groups=1002(ansichg)
[root@ip-172-31-84-95 ~]# exit
logout
[centos@ip-172-31-84-95 ~]$ exit
logout
Connection to 54.90.89.101 closed.
[centos@ip-172-31-88-197 ~]$ sudo su -
Last login: Tue Apr 23 02:33:56 UTC 2019 on pts/0
[root@ip-172-31-88-197 ~]# cat /etc/sudoers
## Sudoers allows particular users to run various commands as
## the root user, without needing the root password.
##
## Examples are provided at the bottom of the file for collections
## of related commands, which can then be delegated out to particular
## users or groups.
##
## This file must be edited with the 'visudo' command.

## Host Aliases
## Groups of machines. You may prefer to use hostnames (perhaps using
## wildcards for entire domains) or IP addresses instead.
# Host_Alias     FILESERVERS = fs1, fs2
# Host_Alias     MAILSERVERS = smtp, smtp2

## User Aliases
## These aren't often necessary, as you can use regular groups
## (ie, from files, LDAP, NIS, etc) in this file - just use %groupname
## rather than USERALIAS
# User_Alias ADMINS = jsmith, mikem


## Command Aliases
## These are groups of related commands...

## Networking
# Cmnd_Alias NETWORKING = /sbin/route, /sbin/ifconfig, /bin/ping, /sbin/dhclient, /usr/bin/net, /sbin/iptables, /usr/bin/rfcomm, /usr/bin/wvdial, /sbin/iwconfig, /sbin/mii-tool

## Installation and management of software
# Cmnd_Alias SOFTWARE = /bin/rpm, /usr/bin/up2date, /usr/bin/yum

## Services
# Cmnd_Alias SERVICES = /sbin/service, /sbin/chkconfig, /usr/bin/systemctl start, /usr/bin/systemctl stop, /usr/bin/systemctl reload, /usr/bin/systemctl restart, /usr/bin/systemctl status, /usr/bin/systemctl enable, /usr/bin/systemctl disable

## Updating the locate database
# Cmnd_Alias LOCATE = /usr/bin/updatedb

## Storage
# Cmnd_Alias STORAGE = /sbin/fdisk, /sbin/sfdisk, /sbin/parted, /sbin/partprobe, /bin/mount, /bin/umount

## Delegating permissions
# Cmnd_Alias DELEGATING = /usr/sbin/visudo, /bin/chown, /bin/chmod, /bin/chgrp

## Processes
# Cmnd_Alias PROCESSES = /bin/nice, /bin/kill, /usr/bin/kill, /usr/bin/killall

## Drivers
# Cmnd_Alias DRIVERS = /sbin/modprobe

# Defaults specification

#
# Refuse to run if unable to disable echo on the tty.
#
Defaults   !visiblepw

#
# Preserving HOME has security implications since many programs
# use it when searching for configuration files. Note that HOME
# is already set when the the env_reset option is enabled, so
# this option is only effective for configurations where either
# env_reset is disabled or HOME is present in the env_keep list.
#
Defaults    always_set_home
Defaults    match_group_by_gid

# Prior to version 1.8.15, groups listed in sudoers that were not
# found in the system group database were passed to the group
# plugin, if any. Starting with 1.8.15, only groups of the form
# %:group are resolved via the group plugin by default.
# We enable always_query_group_plugin to restore old behavior.
# Disable this option for new behavior.
Defaults    always_query_group_plugin

Defaults    env_reset
Defaults    env_keep =  "COLORS DISPLAY HOSTNAME HISTSIZE KDEDIR LS_COLORS"
Defaults    env_keep += "MAIL PS1 PS2 QTDIR USERNAME LANG LC_ADDRESS LC_CTYPE"
Defaults    env_keep += "LC_COLLATE LC_IDENTIFICATION LC_MEASUREMENT LC_MESSAGES"
Defaults    env_keep += "LC_MONETARY LC_NAME LC_NUMERIC LC_PAPER LC_TELEPHONE"
Defaults    env_keep += "LC_TIME LC_ALL LANGUAGE LINGUAS _XKB_CHARSET XAUTHORITY"

#
# Adding HOME to env_keep may enable a user to run unrestricted
# commands via sudo.
#
# Defaults   env_keep += "HOME"

Defaults    secure_path = /sbin:/bin:/usr/sbin:/usr/bin

## Next comes the main part: which users can run what software on
## which machines (the sudoers file can be shared between multiple
## systems).
## Syntax:
##
##      user    MACHINE=COMMANDS
##
## The COMMANDS section may have other options added to it.
##
## Allow root to run any commands anywhere
root    ALL=(ALL)       ALL

## Allows members of the 'sys' group to run networking, software,
## service management apps and more.
# %sys ALL = NETWORKING, SOFTWARE, SERVICES, STORAGE, DELEGATING, PROCESSES, LOCATE, DRIVERS

## Allows people in group wheel to run all commands
%wheel  ALL=(ALL)       ALL

## Same thing without a password
# %wheel        ALL=(ALL)       NOPASSWD: ALL

## Allows members of the users group to mount and unmount the
## cdrom as root
# %users  ALL=/sbin/mount /mnt/cdrom, /sbin/umount /mnt/cdrom

## Allows members of the users group to shutdown this system
# %users  localhost=/sbin/shutdown -h now

## Read drop-in files from /etc/sudoers.d (the # here does not mean a comment)
#includedir /etc/sudoers.d
jenkins ALL=NOPASSWD: ALL
[root@ip-172-31-88-197 ~]# date^C
[root@ip-172-31-88-197 ~]# exit
logout
[centos@ip-172-31-88-197 ~]$ ssh 54.90.89.101
Last login: Tue Apr 23 02:36:48 2019 from 3.93.236.138
[centos@ip-172-31-84-95 ~]$ sudo su -
Last login: Tue Apr 23 02:36:57 UTC 2019 on pts/0
[root@ip-172-31-84-95 ~]# vi /etc/sudoers
[root@ip-172-31-84-95 ~]# grep -i ansi /etc/sudoers
ansichg ALL=NOPASSWD: ALL
[root@ip-172-31-84-95 ~]# exit
logout
[centos@ip-172-31-84-95 ~]$ exit
logout
Connection to 54.90.89.101 closed.
[centos@ip-172-31-88-197 ~]$ ssh 54.90.89.101^C
[centos@ip-172-31-88-197 ~]$ ssh 54.90.89.101 -C "sudo su - ansichg -c df -h "

Usage:
 su [options] [-] [USER [arg]...]

Change the effective user id and group id to that of USER.
A mere - implies -l.   If USER not given, assume root.

Options:
 -m, -p, --preserve-environment  do not reset environment variables
 -g, --group <group>             specify the primary group
 -G, --supp-group <group>        specify a supplemental group

 -, -l, --login                  make the shell a login shell
 -c, --command <command>         pass a single command to the shell with -c
 --session-command <command>     pass a single command to the shell with -c
                                 and do not create a new session
 -f, --fast                      pass -f to the shell (for csh or tcsh)
 -s, --shell <shell>             run shell if /etc/shells allows it

 -h, --help     display this help and exit
 -V, --version  output version information and exit

For more details see su(1).
[centos@ip-172-31-88-197 ~]$ ssh 54.90.89.101 -C 'sudo su - ansichg -c "df -h" '
Filesystem      Size  Used Avail Use% Mounted on
/dev/xvda1      8.0G  1.2G  6.9G  15% /
devtmpfs        473M     0  473M   0% /dev
tmpfs           495M     0  495M   0% /dev/shm
tmpfs           495M   13M  482M   3% /run
tmpfs           495M     0  495M   0% /sys/fs/cgroup
tmpfs            99M     0   99M   0% /run/user/1000
[centos@ip-172-31-88-197 ~]$ ssh 54.90.89.101 -C 'sudo su - ansichg -c "uname -a" '
Linux ip-172-31-84-95.ec2.internal 3.10.0-957.1.3.el7.x86_64 #1 SMP Thu Nov 29 14:49:43 UTC 2018 x86_64 x86_64 x86_64 GNU/Linux
[centos@ip-172-31-88-197 ~]$ ssh 54.90.89.101 -C 'sudo su - ansichg -c "ip a s" '
1: lo: <LOOPBACK,UP,LOWER_UP> mtu 65536 qdisc noqueue state UNKNOWN group default qlen 1000
    link/loopback 00:00:00:00:00:00 brd 00:00:00:00:00:00
    inet 127.0.0.1/8 scope host lo
       valid_lft forever preferred_lft forever
    inet6 ::1/128 scope host
       valid_lft forever preferred_lft forever
2: eth0: <BROADCAST,MULTICAST,UP,LOWER_UP> mtu 9001 qdisc pfifo_fast state UP group default qlen 1000
    link/ether 12:85:46:4c:ac:fe brd ff:ff:ff:ff:ff:ff
    inet 172.31.84.95/20 brd 172.31.95.255 scope global dynamic eth0
       valid_lft 3120sec preferred_lft 3120sec
    inet6 fe80::1085:46ff:fe4c:acfe/64 scope link
       valid_lft forever preferred_lft forever
[centos@ip-172-31-88-197 ~]$ ^C
[centos@ip-172-31-88-197 ~]$ ssh 54.90.89.101 -C ' sudo su - ansichg -c "
>
>                                 cd /var/tmp
>                                 git clone https://github.com/pragathi-devopsgroup/ansible-code.git
>                                 cd ansible-code
>                                 ls -al" '
-bash: line 3: git: command not found
total 0
drwxrwxrwt.  5 root   root   128 Apr 23 02:32 .
drwxr-xr-x. 19 root   root   267 Feb 22 07:11 ..
drwxrwxrwt.  2 root   root     6 Apr 23 02:32 cloud-init
drwx------.  3 root   root    17 Apr 23 02:32 systemd-private-9b0e294dc4c14813a257658e6f8dc0cb-chronyd.service-PhhNnS
drwx------.  3 centos centos  20 Apr 19 03:36 yum-centos-uJTXaK
-bash: line 4: cd: ansible-code: No such file or directory
[centos@ip-172-31-88-197 ~]$  ssh 54.90.89.101 -C ' sudo su - ansichg -c " yum install -y  git"'
Loaded plugins: fastestmirror
You need to be root to perform this command.
[centos@ip-172-31-88-197 ~]$  ssh 54.90.89.101 -C ' sudo su - ansichg -c " yum list  git"'
Loaded plugins: fastestmirror
Determining fastest mirrors
 * base: mirrors.advancedhosters.com
 * extras: mirrors.advancedhosters.com
 * updates: mirrors.advancedhosters.com
Available Packages
git.x86_64                        1.8.3.1-20.el7                         updates
[centos@ip-172-31-88-197 ~]$  ssh 54.90.89.101 -C ' sudo su - ansichg -c " yum list  git"'^C
[centos@ip-172-31-88-197 ~]$ ssh 54.90.89.101
Last login: Tue Apr 23 02:38:31 2019 from 3.93.236.138
[centos@ip-172-31-84-95 ~]$ sudo su - ansichg
Last login: Tue Apr 23 02:47:45 UTC 2019
[ansichg@ip-172-31-84-95 ~]$ yum install git
Loaded plugins: fastestmirror
You need to be root to perform this command.
[ansichg@ip-172-31-84-95 ~]$ exit
logout
[centos@ip-172-31-84-95 ~]$ id -s root
id: invalid option -- 's'
Try 'id --help' for more information.
[centos@ip-172-31-84-95 ~]$ id -a root
uid=0(root) gid=0(root) groups=0(root)
[centos@ip-172-31-84-95 ~]$ grep -i root /etc/group
root:x:0:
[centos@ip-172-31-84-95 ~]$ grep -i root /etc/passwd
root:x:0:0:root:/root:/bin/bash
operator:x:11:0:operator:/root:/sbin/nologin
[centos@ip-172-31-84-95 ~]$ id -a centos
uid=1000(centos) gid=1000(centos) groups=1000(centos),4(adm),10(wheel),190(systemd-journal)
[centos@ip-172-31-84-95 ~]$ grep -i 1000 /etc/group
centos:x:1000:
[centos@ip-172-31-84-95 ~]$ grep -i 1000 /etc/passwd
centos:x:1000:1000:Cloud User:/home/centos:/bin/bash
[centos@ip-172-31-84-95 ~]$ exit
logout
Connection to 54.90.89.101 closed.
[centos@ip-172-31-88-197 ~]$ ssh 54.90.89.101
Last login: Tue Apr 23 02:48:11 2019 from 3.93.236.138
[centos@ip-172-31-84-95 ~]$ sudo su -  ansichg
Last login: Tue Apr 23 02:48:18 UTC 2019 on pts/0
[ansichg@ip-172-31-84-95 ~]$ yum list git
Loaded plugins: fastestmirror
Loading mirror speeds from cached hostfile
 * base: mirrors.advancedhosters.com
 * extras: mirrors.advancedhosters.com
 * updates: mirrors.advancedhosters.com
Available Packages
git.x86_64                                                    1.8.3.1-20.el7                                                    updates
[ansichg@ip-172-31-84-95 ~]$ yum install git
Loaded plugins: fastestmirror
You need to be root to perform this command.
[ansichg@ip-172-31-84-95 ~]$ exit
logout
[centos@ip-172-31-84-95 ~]$ exit
logout
Connection to 54.90.89.101 closed.
[centos@ip-172-31-88-197 ~]$ ssh 54.90.89.101 -C 'sudo su - ansichg -c "df -h" '
Filesystem      Size  Used Avail Use% Mounted on
/dev/xvda1      8.0G  1.2G  6.9G  15% /
devtmpfs        473M     0  473M   0% /dev
tmpfs           495M     0  495M   0% /dev/shm
tmpfs           495M   13M  482M   3% /run
tmpfs           495M     0  495M   0% /sys/fs/cgroup
tmpfs            99M     0   99M   0% /run/user/1000
[centos@ip-172-31-88-197 ~]$ ssh 54.90.89.101 -C 'sudo su - root -c "df -h" '
Filesystem      Size  Used Avail Use% Mounted on
/dev/xvda1      8.0G  1.2G  6.9G  15% /
devtmpfs        473M     0  473M   0% /dev
tmpfs           495M     0  495M   0% /dev/shm
tmpfs           495M   13M  482M   3% /run
tmpfs           495M     0  495M   0% /sys/fs/cgroup
tmpfs            99M     0   99M   0% /run/user/1000
[centos@ip-172-31-88-197 ~]$ ssh 54.90.89.101 -C 'sudo su - root -c " yum install -y git " '
Loaded plugins: fastestmirror
Loading mirror speeds from cached hostfile
 * base: mirrors.advancedhosters.com
 * extras: mirrors.advancedhosters.com
 * updates: mirrors.advancedhosters.com
Resolving Dependencies
--> Running transaction check
---> Package git.x86_64 0:1.8.3.1-20.el7 will be installed
--> Processing Dependency: perl-Git = 1.8.3.1-20.el7 for package: git-1.8.3.1-20.el7.x86_64
--> Processing Dependency: perl >= 5.008 for package: git-1.8.3.1-20.el7.x86_64
--> Processing Dependency: perl(warnings) for package: git-1.8.3.1-20.el7.x86_64
--> Processing Dependency: perl(vars) for package: git-1.8.3.1-20.el7.x86_64
--> Processing Dependency: perl(strict) for package: git-1.8.3.1-20.el7.x86_64
--> Processing Dependency: perl(lib) for package: git-1.8.3.1-20.el7.x86_64
--> Processing Dependency: perl(Term::ReadKey) for package: git-1.8.3.1-20.el7.x86_64
--> Processing Dependency: perl(Git) for package: git-1.8.3.1-20.el7.x86_64
--> Processing Dependency: perl(Getopt::Long) for package: git-1.8.3.1-20.el7.x86_64
--> Processing Dependency: perl(File::stat) for package: git-1.8.3.1-20.el7.x86_64
--> Processing Dependency: perl(File::Temp) for package: git-1.8.3.1-20.el7.x86_64
--> Processing Dependency: perl(File::Spec) for package: git-1.8.3.1-20.el7.x86_64
--> Processing Dependency: perl(File::Path) for package: git-1.8.3.1-20.el7.x86_64
--> Processing Dependency: perl(File::Find) for package: git-1.8.3.1-20.el7.x86_64
--> Processing Dependency: perl(File::Copy) for package: git-1.8.3.1-20.el7.x86_64
--> Processing Dependency: perl(File::Basename) for package: git-1.8.3.1-20.el7.x86_64
--> Processing Dependency: perl(Exporter) for package: git-1.8.3.1-20.el7.x86_64
--> Processing Dependency: perl(Error) for package: git-1.8.3.1-20.el7.x86_64
--> Processing Dependency: /usr/bin/perl for package: git-1.8.3.1-20.el7.x86_64
--> Running transaction check
---> Package perl.x86_64 4:5.16.3-294.el7_6 will be installed
--> Processing Dependency: perl-libs = 4:5.16.3-294.el7_6 for package: 4:perl-5.16.3-294.el7_6.x86_64
--> Processing Dependency: perl(Socket) >= 1.3 for package: 4:perl-5.16.3-294.el7_6.x86_64
--> Processing Dependency: perl(Scalar::Util) >= 1.10 for package: 4:perl-5.16.3-294.el7_6.x86_64
--> Processing Dependency: perl-macros for package: 4:perl-5.16.3-294.el7_6.x86_64
--> Processing Dependency: perl-libs for package: 4:perl-5.16.3-294.el7_6.x86_64
--> Processing Dependency: perl(threads::shared) for package: 4:perl-5.16.3-294.el7_6.x86_64
--> Processing Dependency: perl(threads) for package: 4:perl-5.16.3-294.el7_6.x86_64
--> Processing Dependency: perl(constant) for package: 4:perl-5.16.3-294.el7_6.x86_64
--> Processing Dependency: perl(Time::Local) for package: 4:perl-5.16.3-294.el7_6.x86_64
--> Processing Dependency: perl(Time::HiRes) for package: 4:perl-5.16.3-294.el7_6.x86_64
--> Processing Dependency: perl(Storable) for package: 4:perl-5.16.3-294.el7_6.x86_64
--> Processing Dependency: perl(Socket) for package: 4:perl-5.16.3-294.el7_6.x86_64
--> Processing Dependency: perl(Scalar::Util) for package: 4:perl-5.16.3-294.el7_6.x86_64
--> Processing Dependency: perl(Pod::Simple::XHTML) for package: 4:perl-5.16.3-294.el7_6.x86_64
--> Processing Dependency: perl(Pod::Simple::Search) for package: 4:perl-5.16.3-294.el7_6.x86_64
--> Processing Dependency: perl(Filter::Util::Call) for package: 4:perl-5.16.3-294.el7_6.x86_64
--> Processing Dependency: perl(Carp) for package: 4:perl-5.16.3-294.el7_6.x86_64
--> Processing Dependency: libperl.so()(64bit) for package: 4:perl-5.16.3-294.el7_6.x86_64
---> Package perl-Error.noarch 1:0.17020-2.el7 will be installed
---> Package perl-Exporter.noarch 0:5.68-3.el7 will be installed
---> Package perl-File-Path.noarch 0:2.09-2.el7 will be installed
---> Package perl-File-Temp.noarch 0:0.23.01-3.el7 will be installed
---> Package perl-Getopt-Long.noarch 0:2.40-3.el7 will be installed
--> Processing Dependency: perl(Pod::Usage) >= 1.14 for package: perl-Getopt-Long-2.40-3.el7.noarch
--> Processing Dependency: perl(Text::ParseWords) for package: perl-Getopt-Long-2.40-3.el7.noarch
---> Package perl-Git.noarch 0:1.8.3.1-20.el7 will be installed
---> Package perl-PathTools.x86_64 0:3.40-5.el7 will be installed
---> Package perl-TermReadKey.x86_64 0:2.30-20.el7 will be installed
--> Running transaction check
---> Package perl-Carp.noarch 0:1.26-244.el7 will be installed
---> Package perl-Filter.x86_64 0:1.49-3.el7 will be installed
---> Package perl-Pod-Simple.noarch 1:3.28-4.el7 will be installed
--> Processing Dependency: perl(Pod::Escapes) >= 1.04 for package: 1:perl-Pod-Simple-3.28-4.el7.noarch
--> Processing Dependency: perl(Encode) for package: 1:perl-Pod-Simple-3.28-4.el7.noarch
---> Package perl-Pod-Usage.noarch 0:1.63-3.el7 will be installed
--> Processing Dependency: perl(Pod::Text) >= 3.15 for package: perl-Pod-Usage-1.63-3.el7.noarch
--> Processing Dependency: perl-Pod-Perldoc for package: perl-Pod-Usage-1.63-3.el7.noarch
---> Package perl-Scalar-List-Utils.x86_64 0:1.27-248.el7 will be installed
---> Package perl-Socket.x86_64 0:2.010-4.el7 will be installed
---> Package perl-Storable.x86_64 0:2.45-3.el7 will be installed
---> Package perl-Text-ParseWords.noarch 0:3.29-4.el7 will be installed
---> Package perl-Time-HiRes.x86_64 4:1.9725-3.el7 will be installed
---> Package perl-Time-Local.noarch 0:1.2300-2.el7 will be installed
---> Package perl-constant.noarch 0:1.27-2.el7 will be installed
---> Package perl-libs.x86_64 4:5.16.3-294.el7_6 will be installed
---> Package perl-macros.x86_64 4:5.16.3-294.el7_6 will be installed
---> Package perl-threads.x86_64 0:1.87-4.el7 will be installed
---> Package perl-threads-shared.x86_64 0:1.43-6.el7 will be installed
--> Running transaction check
---> Package perl-Encode.x86_64 0:2.51-7.el7 will be installed
---> Package perl-Pod-Escapes.noarch 1:1.04-294.el7_6 will be installed
---> Package perl-Pod-Perldoc.noarch 0:3.20-4.el7 will be installed
--> Processing Dependency: perl(parent) for package: perl-Pod-Perldoc-3.20-4.el7.noarch
--> Processing Dependency: perl(HTTP::Tiny) for package: perl-Pod-Perldoc-3.20-4.el7.noarch
---> Package perl-podlators.noarch 0:2.5.1-3.el7 will be installed
--> Running transaction check
---> Package perl-HTTP-Tiny.noarch 0:0.033-3.el7 will be installed
---> Package perl-parent.noarch 1:0.225-244.el7 will be installed
--> Finished Dependency Resolution

Dependencies Resolved

================================================================================
 Package                    Arch       Version                Repository   Size
================================================================================
Installing:
 git                        x86_64     1.8.3.1-20.el7         updates     4.4 M
Installing for dependencies:
 perl                       x86_64     4:5.16.3-294.el7_6     updates     8.0 M
 perl-Carp                  noarch     1.26-244.el7           base         19 k
 perl-Encode                x86_64     2.51-7.el7             base        1.5 M
 perl-Error                 noarch     1:0.17020-2.el7        base         32 k
 perl-Exporter              noarch     5.68-3.el7             base         28 k
 perl-File-Path             noarch     2.09-2.el7             base         26 k
 perl-File-Temp             noarch     0.23.01-3.el7          base         56 k
 perl-Filter                x86_64     1.49-3.el7             base         76 k
 perl-Getopt-Long           noarch     2.40-3.el7             base         56 k
 perl-Git                   noarch     1.8.3.1-20.el7         updates      55 k
 perl-HTTP-Tiny             noarch     0.033-3.el7            base         38 k
 perl-PathTools             x86_64     3.40-5.el7             base         82 k
 perl-Pod-Escapes           noarch     1:1.04-294.el7_6       updates      51 k
 perl-Pod-Perldoc           noarch     3.20-4.el7             base         87 k
 perl-Pod-Simple            noarch     1:3.28-4.el7           base        216 k
 perl-Pod-Usage             noarch     1.63-3.el7             base         27 k
 perl-Scalar-List-Utils     x86_64     1.27-248.el7           base         36 k
 perl-Socket                x86_64     2.010-4.el7            base         49 k
 perl-Storable              x86_64     2.45-3.el7             base         77 k
 perl-TermReadKey           x86_64     2.30-20.el7            base         31 k
 perl-Text-ParseWords       noarch     3.29-4.el7             base         14 k
 perl-Time-HiRes            x86_64     4:1.9725-3.el7         base         45 k
 perl-Time-Local            noarch     1.2300-2.el7           base         24 k
 perl-constant              noarch     1.27-2.el7             base         19 k
 perl-libs                  x86_64     4:5.16.3-294.el7_6     updates     688 k
 perl-macros                x86_64     4:5.16.3-294.el7_6     updates      44 k
 perl-parent                noarch     1:0.225-244.el7        base         12 k
 perl-podlators             noarch     2.5.1-3.el7            base        112 k
 perl-threads               x86_64     1.87-4.el7             base         49 k
 perl-threads-shared        x86_64     1.43-6.el7             base         39 k

Transaction Summary
================================================================================
Install  1 Package (+30 Dependent packages)

Total download size: 16 M
Installed size: 59 M
Downloading packages:
--------------------------------------------------------------------------------
Total                                               18 MB/s |  16 MB  00:00
Running transaction check
Running transaction test
Transaction test succeeded
Running transaction
  Installing : 1:perl-parent-0.225-244.el7.noarch                          1/31
  Installing : perl-HTTP-Tiny-0.033-3.el7.noarch                           2/31
  Installing : perl-podlators-2.5.1-3.el7.noarch                           3/31
  Installing : perl-Pod-Perldoc-3.20-4.el7.noarch                          4/31
  Installing : 1:perl-Pod-Escapes-1.04-294.el7_6.noarch                    5/31
  Installing : perl-Encode-2.51-7.el7.x86_64                               6/31
  Installing : perl-Text-ParseWords-3.29-4.el7.noarch                      7/31
  Installing : perl-Pod-Usage-1.63-3.el7.noarch                            8/31
  Installing : 4:perl-libs-5.16.3-294.el7_6.x86_64                         9/31
  Installing : 4:perl-macros-5.16.3-294.el7_6.x86_64                      10/31
  Installing : 4:perl-Time-HiRes-1.9725-3.el7.x86_64                      11/31
  Installing : perl-Exporter-5.68-3.el7.noarch                            12/31
  Installing : perl-constant-1.27-2.el7.noarch                            13/31
  Installing : perl-Time-Local-1.2300-2.el7.noarch                        14/31
  Installing : perl-Socket-2.010-4.el7.x86_64                             15/31
  Installing : perl-Carp-1.26-244.el7.noarch                              16/31
  Installing : perl-Storable-2.45-3.el7.x86_64                            17/31
  Installing : perl-PathTools-3.40-5.el7.x86_64                           18/31
  Installing : perl-Scalar-List-Utils-1.27-248.el7.x86_64                 19/31
  Installing : perl-File-Temp-0.23.01-3.el7.noarch                        20/31
  Installing : perl-File-Path-2.09-2.el7.noarch                           21/31
  Installing : perl-threads-shared-1.43-6.el7.x86_64                      22/31
  Installing : perl-threads-1.87-4.el7.x86_64                             23/31
  Installing : 1:perl-Pod-Simple-3.28-4.el7.noarch                        24/31
  Installing : perl-Filter-1.49-3.el7.x86_64                              25/31
  Installing : perl-Getopt-Long-2.40-3.el7.noarch                         26/31
  Installing : 4:perl-5.16.3-294.el7_6.x86_64                             27/31
  Installing : 1:perl-Error-0.17020-2.el7.noarch                          28/31
  Installing : perl-TermReadKey-2.30-20.el7.x86_64                        29/31
  Installing : perl-Git-1.8.3.1-20.el7.noarch                             30/31
  Installing : git-1.8.3.1-20.el7.x86_64                                  31/31
  Verifying  : perl-HTTP-Tiny-0.033-3.el7.noarch                           1/31
  Verifying  : perl-threads-shared-1.43-6.el7.x86_64                       2/31
  Verifying  : 4:perl-Time-HiRes-1.9725-3.el7.x86_64                       3/31
  Verifying  : 1:perl-Pod-Escapes-1.04-294.el7_6.noarch                    4/31
  Verifying  : perl-Exporter-5.68-3.el7.noarch                             5/31
  Verifying  : perl-constant-1.27-2.el7.noarch                             6/31
  Verifying  : perl-PathTools-3.40-5.el7.x86_64                            7/31
  Verifying  : 1:perl-parent-0.225-244.el7.noarch                          8/31
  Verifying  : perl-TermReadKey-2.30-20.el7.x86_64                         9/31
  Verifying  : 4:perl-libs-5.16.3-294.el7_6.x86_64                        10/31
  Verifying  : perl-File-Temp-0.23.01-3.el7.noarch                        11/31
  Verifying  : perl-Git-1.8.3.1-20.el7.noarch                             12/31
  Verifying  : perl-Time-Local-1.2300-2.el7.noarch                        13/31
  Verifying  : 4:perl-macros-5.16.3-294.el7_6.x86_64                      14/31
  Verifying  : perl-Socket-2.010-4.el7.x86_64                             15/31
  Verifying  : perl-Carp-1.26-244.el7.noarch                              16/31
  Verifying  : 1:perl-Error-0.17020-2.el7.noarch                          17/31
  Verifying  : git-1.8.3.1-20.el7.x86_64                                  18/31
  Verifying  : perl-Storable-2.45-3.el7.x86_64                            19/31
  Verifying  : perl-Scalar-List-Utils-1.27-248.el7.x86_64                 20/31
  Verifying  : perl-Pod-Usage-1.63-3.el7.noarch                           21/31
  Verifying  : perl-Encode-2.51-7.el7.x86_64                              22/31
  Verifying  : perl-Pod-Perldoc-3.20-4.el7.noarch                         23/31
  Verifying  : perl-podlators-2.5.1-3.el7.noarch                          24/31
  Verifying  : perl-File-Path-2.09-2.el7.noarch                           25/31
  Verifying  : perl-threads-1.87-4.el7.x86_64                             26/31
  Verifying  : 1:perl-Pod-Simple-3.28-4.el7.noarch                        27/31
  Verifying  : perl-Filter-1.49-3.el7.x86_64                              28/31
  Verifying  : perl-Getopt-Long-2.40-3.el7.noarch                         29/31
  Verifying  : perl-Text-ParseWords-3.29-4.el7.noarch                     30/31
  Verifying  : 4:perl-5.16.3-294.el7_6.x86_64                             31/31

Installed:
  git.x86_64 0:1.8.3.1-20.el7

Dependency Installed:
  perl.x86_64 4:5.16.3-294.el7_6
  perl-Carp.noarch 0:1.26-244.el7
  perl-Encode.x86_64 0:2.51-7.el7
  perl-Error.noarch 1:0.17020-2.el7
  perl-Exporter.noarch 0:5.68-3.el7
  perl-File-Path.noarch 0:2.09-2.el7
  perl-File-Temp.noarch 0:0.23.01-3.el7
  perl-Filter.x86_64 0:1.49-3.el7
  perl-Getopt-Long.noarch 0:2.40-3.el7
  perl-Git.noarch 0:1.8.3.1-20.el7
  perl-HTTP-Tiny.noarch 0:0.033-3.el7
  perl-PathTools.x86_64 0:3.40-5.el7
  perl-Pod-Escapes.noarch 1:1.04-294.el7_6
  perl-Pod-Perldoc.noarch 0:3.20-4.el7
  perl-Pod-Simple.noarch 1:3.28-4.el7
  perl-Pod-Usage.noarch 0:1.63-3.el7
  perl-Scalar-List-Utils.x86_64 0:1.27-248.el7
  perl-Socket.x86_64 0:2.010-4.el7
  perl-Storable.x86_64 0:2.45-3.el7
  perl-TermReadKey.x86_64 0:2.30-20.el7
  perl-Text-ParseWords.noarch 0:3.29-4.el7
  perl-Time-HiRes.x86_64 4:1.9725-3.el7
  perl-Time-Local.noarch 0:1.2300-2.el7
  perl-constant.noarch 0:1.27-2.el7
  perl-libs.x86_64 4:5.16.3-294.el7_6
  perl-macros.x86_64 4:5.16.3-294.el7_6
  perl-parent.noarch 1:0.225-244.el7
  perl-podlators.noarch 0:2.5.1-3.el7
  perl-threads.x86_64 0:1.87-4.el7
  perl-threads-shared.x86_64 0:1.43-6.el7

Complete!
[centos@ip-172-31-88-197 ~]$ ssh 54.90.89.101 -C 'sudo su - root -c " yum install -y git " '^C
[centos@ip-172-31-88-197 ~]$ su - jenkins
Password:
[centos@ip-172-31-88-197 ~]$ sudo su - jenkins
Last login: Fri Apr 19 03:38:42 UTC 2019 on pts/0
-bash-4.2$ pwd
/var/lib/jenkins
-bash-4.2$ ls -al
total 124
drwxr-xr-x. 19 jenkins jenkins  4096 Apr 23 03:02 .
drwxr-xr-x. 30 root    root     4096 Apr 23 03:00 ..
drwx------.  3 jenkins jenkins    17 Mar  2 04:34 .ansible
-rw-------.  1 jenkins jenkins   796 Apr 18 04:13 .bash_history
drwxr-xr-x.  4 jenkins jenkins    94 Apr 22 04:22 caches
-rw-r--r--.  1 jenkins jenkins  1644 Apr 23 02:33 config.xml
-rw-r--r--.  1 jenkins jenkins  4679 Apr 19 03:32 credentials.xml
drwxr-xr-x.  4 jenkins jenkins    26 Apr 23 02:33 fingerprints
drwxr-xr-x.  3 jenkins jenkins    20 Feb 22 07:23 .groovy
-rw-r--r--.  1 jenkins jenkins   156 Apr 23 02:33 hudson.model.UpdateCenter.xml
-rw-r--r--.  1 jenkins jenkins  1230 Mar  2 04:10 hudson.plugins.emailext.ExtendedEmailPublisher.xml
-rw-r--r--.  1 jenkins jenkins   370 Feb 22 07:23 hudson.plugins.git.GitTool.xml
-rw-------.  1 jenkins jenkins  1712 Feb 22 07:19 identity.key.enc
-rw-r--r--.  1 jenkins jenkins  7626 Feb 24 05:45 installedPlugins.xml
drwxr-xr-x.  3 jenkins jenkins    19 Feb 22 07:19 .java
-rw-r--r--.  1 jenkins jenkins    94 Feb 22 07:19 jenkins.CLI.xml
-rw-r--r--.  1 jenkins jenkins     7 Feb 22 07:26 jenkins.install.InstallUtil.lastExecVersion
-rw-r--r--.  1 jenkins jenkins     7 Feb 22 07:26 jenkins.install.UpgradeWizard.state
-rw-r--r--.  1 jenkins jenkins   181 Feb 22 07:26 jenkins.model.JenkinsLocationConfiguration.xml
-rw-r--r--.  1 jenkins jenkins   171 Feb 22 07:19 jenkins.telemetry.Correlator.xml
drwxr-xr-x.  9 jenkins jenkins   136 Apr 22 03:50 jobs
drwxr-xr-x.  4 jenkins jenkins    33 Feb 22 07:53 logs
-rw-r--r--.  1 jenkins jenkins   907 Apr 23 02:33 nodeMonitors.xml
drwxr-xr-x.  3 jenkins jenkins    19 Feb 22 07:53 nodes
-rw-r--r--.  1 jenkins jenkins    46 Apr 23 03:02 org.jenkinsci.plugins.workflow.flow.FlowExecutionList.xml
-rw-r--r--.  1 jenkins jenkins    62 Apr 22 05:34 .owner
drwxr-----.  3 jenkins jenkins    19 Feb 24 05:50 .pki
drwxr-xr-x. 83 jenkins jenkins  8192 Apr 18 04:25 plugins
-rw-r--r--.  1 jenkins jenkins   131 Apr 23 03:02 queue.xml
-rw-r--r--.  1 jenkins jenkins   131 Apr 22 06:22 queue.xml.bak
-rw-r--r--.  1 jenkins jenkins    64 Feb 22 07:19 secret.key
-rw-r--r--.  1 jenkins jenkins     0 Feb 22 07:19 secret.key.not-so-secret
drwx------.  4 jenkins jenkins  4096 Mar  2 04:15 secrets
drwx------.  2 jenkins jenkins    57 Feb 22 08:02 .ssh
-rw-------.  1 jenkins jenkins 12288 Mar  2 04:05 .test.txt.swp
-rw-r--r--.  1 jenkins jenkins     0 Apr 23 03:02 ThinBackup Worker Thread.log
-rw-r--r--.  1 jenkins jenkins   993 Feb 24 05:46 thinBackup.xml
drwxr-xr-x.  2 jenkins jenkins   240 Apr 22 02:44 updates
drwxr-xr-x.  2 jenkins jenkins    24 Feb 22 07:19 userContent
drwxr-xr-x.  4 jenkins jenkins    91 Mar  2 04:49 users
drwxr-xr-x.  2 jenkins jenkins     6 Feb 22 07:23 workflow-libs
drwxr-xr-x.  6 jenkins jenkins    94 Apr 23 02:44 workspace
-bash-4.2$ cd .ssh/
-bash-4.2$ ls-al
-bash: ls-al: command not found
-bash-4.2$ ls
id_rsa  id_rsa.pub  known_hosts
-bash-4.2$ cat id_rsa
-----BEGIN RSA PRIVATE KEY-----
MIIEpAIBAAKCAQEAy6fxVkwMlRrpMbZSvUi+7FbcS8K+iqw742aBICjOePNoV2cL
oq9gOHYo7hONEi6Qqaa79yGUkKj5HMBfW/fzAkobxUTjUmCQnf6fw+svsDVEhwD2
dyXhdABeRyHZmYb7NXjPlk+I6xkgE23Z3fLBO8NZhSi0qJQFavcWEUydRIUJOYZr
AsUpPurPkZmA48QaIQsZD87o76ZPXeyQ2aWb0iHDYCWlQkVebfIuqktYbjEYMq3C
I2qOdJ/sRR6PXpJ+GMSxS9uDuDa8YbXMZhO7boXN3pWpz7Sk22NW4IXa92RmtjZo
GI2Dw8/Z+U5JE39sLgskfABnFjG11V7wgytx9wIDAQABAoIBAEPRaUyThp0gmQc0
79iYoPuS8UlJUKpdMJRJTjanYBpm9Bgm+Hj0bdZfgsHFQPUNDJ9yJqXlSNPjcRFh
/l9h8kqQ4y6OAiUsgvwaDpnvd7H2Cxvp9ik3NBytArgtTYkSqhTkZjxnv/CKLWRK
8II4lKCSLP1q0L5SjHtSTMb1/GkUTCqlqGKWLoeZ29UjIuZMQ2dVyYY+PNyUsDgC
LXIvxeJxQDz10abrwM4ntDtnpPbfP1VqipSiSoSJ4S1VYqLmtKajdem39dFX4UY8
rcX7w9aLVtK1g6uoI9N+/PvHj3r0JJHRxbPNCsh4lWP+yvgSIKlviA78bX3/QnVu
kWyuzgECgYEA5bKZvXKUDU5KxdXc4jgBtBrJ1wFd7YmD1k15ehZkdAl2/yTPInUH
N6uUliFDLBoMxuIc95qR3F0OwvCRpZ7SfzcsQMTAI1hyhYNinpGkeymTNV0xiWYp
tDfEgitFAQFEtpdl6aLIY7u3lxmFdfE9UduVrDycyeMXDJJ/K7R4mU0CgYEA4vnz
9kmjxUGbHjPdvtd/2EgGILIClnxzZuXRPe/0rHMv/X8FQqb8XyK8KQPTPf0B5hfE
95aVg9eD9OHMib7jwSoiPVLErBbI4C5NUFUSy7DgC8QPyC/5Hbv8eq5xhFktlQYn
TZjVqGmmjNyLduab5pLU+6Svers2btYxhKzptlMCgYADcDH28QEgVdyuq23cAQSd
go0k58NVK+rKSWyZFD66se2TEiT7mg7amXnm6WaNAXLRg071sd2fE9GFv34eoYr7
FoNWENvja46DSx0tzHZO1ad7dAKq0Nms9ey+GhG1WySBKzD+V05yl7u+ykYCJvNJ
B2VtJ5cdOoX8zTCUIeZwPQKBgQCFbMORqtY/tYI27exTLCD2Bdi8TYgh6ER6X2xy
CWV+HjQ+wvVXqgu+7Q9I2PvLe7grBxv9IyL/HqhuQnHXI0SFH3yDKe187+PjjLRc
HbZv0KjTocxZNIIvjXssrvECCN43tSdTgR1P49NJCLhfC87narcSukuBTR4BZ54y
TOcSCwKBgQCw+QY50Qpt//oGMCoKngEfkdcGKNZ6z4tRnVti2nXi1OXMJVnVLski
ck4w5JkcL/why8bnFHKCjRnxa/O8vg+LIOTvbGllPz64n+vER40LN31uAJRi6RYL
LegwOia6+bTyNTg3g8GBH4wqKSYwoaLq7ok0n68diFXs1PDfA/VMng==
-----END RSA PRIVATE KEY-----
-bash-4.2$ cat id_rsa.pub
ssh-rsa AAAAB3NzaC1yc2EAAAADAQABAAABAQDLp/FWTAyVGukxtlK9SL7sVtxLwr6KrDvjZoEgKM5482hXZwuir2A4dijuE40SLpCpprv3IZSQqPkcwF9b9/MCShvFRONSYJCd/p/D6y+wNUSHAPZ3JeF0AF5HIdmZhvs1eM+WT4jrGSATbdnd8sE7w1mFKLSolAVq9xYRTJ1EhQk5hmsCxSk+6s+RmYDjxBohCxkPzujvpk9d7JDZpZvSIcNgJaVCRV5t8i6qS1huMRgyrcIjao50n+xFHo9ekn4YxLFL24O4NrxhtcxmE7tuhc3elanPtKTbY1bghdr3ZGa2NmgYjYPDz9n5TkkTf2wuCyR8AGcWMbXVXvCDK3H3 jenkins@ip-172-31-88-197.ec2.internal
-bash-4.2$ exit
logout
[centos@ip-172-31-88-197 ~]$ ssh 54.90.89.101 -C 'sudo su - root -c " yum install -y git " '^C
[centos@ip-172-31-88-197 ~]$ ssh 54.90.89.101
Last login: Tue Apr 23 02:53:15 2019 from 3.93.236.138
[centos@ip-172-31-84-95 ~]$ cd .ssh
[centos@ip-172-31-84-95 .ssh]$ ls-al
-bash: ls-al: command not found
[centos@ip-172-31-84-95 .ssh]$ ls
authorized_keys
[centos@ip-172-31-84-95 .ssh]$ vi authorized_keys
[centos@ip-172-31-84-95 .ssh]$ exit
logout
Connection to 54.90.89.101 closed.
[centos@ip-172-31-88-197 ~]$ ssh jenkins@54.90.89.101
Permission denied (publickey,gssapi-keyex,gssapi-with-mic).
[centos@ip-172-31-88-197 ~]$ sudo su -
Last login: Tue Apr 23 02:38:08 UTC 2019 on pts/0
[root@ip-172-31-88-197 ~]# su - jenkins
Last login: Tue Apr 23 03:03:13 UTC 2019 on pts/0
-bash-4.2$ ssh centos@54.90.89.101
The authenticity of host '54.90.89.101 (54.90.89.101)' can't be established.
ECDSA key fingerprint is SHA256:BDdzFuv464DOveM3u/TZnvzRV2PyxLnKsarOagBEBRw.
ECDSA key fingerprint is MD5:a4:3f:8c:7c:2e:e3:8c:07:9a:d0:df:3f:7c:2e:f1:3a.
Are you sure you want to continue connecting (yes/no)? yes
Warning: Permanently added '54.90.89.101' (ECDSA) to the list of known hosts.
Last login: Tue Apr 23 03:03:53 2019 from 3.93.236.138
[centos@ip-172-31-84-95 ~]$ exit
logout
Connection to 54.90.89.101 closed.
-bash-4.2$ exit
logout
[root@ip-172-31-88-197 ~]# exit
logout
[centos@ip-172-31-88-197 ~]$ sudo su -
Last login: Tue Apr 23 03:05:07 UTC 2019 on pts/0
[root@ip-172-31-88-197 ~]# su - jenkins
Last login: Tue Apr 23 03:05:10 UTC 2019 on pts/0
-bash-4.2$ cd /var/tmp
-bash-4.2$                                 git clone https://github.com/pragathi-devopsgroup/ansible-code.git
Cloning into 'ansible-code'...
Username for 'https://github.com': ^C
-bash-4.2$ cd /var/tmp
-bash-4.2$                                 git clone https://github.com/pragathi-devopsgroup/ansible-code.git
Cloning into 'ansible-code'...
Username for 'https://github.com': ^C
-bash-4.2$ cd /var/tmp
-bash-4.2$                                 git clone https://github.com/pragathi-devopsgroup/ansible-code.git
Cloning into 'ansible-code'...
Username for 'https://github.com': ^C
-bash-4.2$ ssh -o StrictHostKeyChecking=no centos@54.90.89.101 -C 'sudo su - root -c " df -h ; ls -al "'
Filesystem      Size  Used Avail Use% Mounted on
/dev/xvda1      8.0G  1.3G  6.8G  16% /
devtmpfs        473M     0  473M   0% /dev
tmpfs           495M     0  495M   0% /dev/shm
tmpfs           495M   13M  482M   3% /run
tmpfs           495M     0  495M   0% /sys/fs/cgroup
tmpfs            99M     0   99M   0% /run/user/1000
tmpfs            99M     0   99M   0% /run/user/0
total 40
dr-xr-x---.  4 root root  182 Apr 23 03:09 .
dr-xr-xr-x. 17 root root  224 Jan 28 20:57 ..
-rw-------.  1 root root 6921 Jan 28 21:02 anaconda-ks.cfg
-rw-------.  1 root root  366 Apr 23 02:39 .bash_history
-rw-r--r--.  1 root root   18 Dec 29  2013 .bash_logout
-rw-r--r--.  1 root root  176 Dec 29  2013 .bash_profile
-rw-r--r--.  1 root root  176 Dec 29  2013 .bashrc
-rw-r--r--.  1 root root  100 Dec 29  2013 .cshrc
-rw-------.  1 root root 6577 Jan 28 21:02 original-ks.cfg
drwxr-----.  3 root root   19 Apr 23 03:09 .pki
drwx------.  2 root root   29 Feb 22 07:12 .ssh
-rw-r--r--.  1 root root  129 Dec 29  2013 .tcshrc
-bash-4.2$ ssh -o StrictHostKeyChecking=no centos@54.90.89.101 -C 'sudo su - root -c " cd /var/tmp/; git clone ^C
-bash-4.2$ ansible-playbook -i  test.yam^C
-bash-4.2$ exit
logout
[root@ip-172-31-88-197 ~]# cd /var/lib/jenkins/
[root@ip-172-31-88-197 jenkins]# ls
caches                                              nodeMonitors.xml
config.xml                                          nodes
credentials.xml                                     org.jenkinsci.plugins.workflow.flow.FlowExecutionList.xml
fingerprints                                        plugins
hudson.model.UpdateCenter.xml                       queue.xml
hudson.plugins.emailext.ExtendedEmailPublisher.xml  queue.xml.bak
hudson.plugins.git.GitTool.xml                      secret.key
identity.key.enc                                    secret.key.not-so-secret
installedPlugins.xml                                secrets
jenkins.CLI.xml                                     ThinBackup Worker Thread.log
jenkins.install.InstallUtil.lastExecVersion         thinBackup.xml
jenkins.install.UpgradeWizard.state                 updates
jenkins.model.JenkinsLocationConfiguration.xml      userContent
jenkins.telemetry.Correlator.xml                    users
jobs                                                workflow-libs
logs                                                workspace
[root@ip-172-31-88-197 jenkins]# cd jobs/
[root@ip-172-31-88-197 jobs]# ls -al
total 4
drwxr-xr-x.  9 jenkins jenkins  136 Apr 22 03:50 .
drwxr-xr-x. 19 jenkins jenkins 4096 Apr 23 03:26 ..
drwxr-xr-x.  3 jenkins jenkins  101 Apr 23 03:15 pipeline1
drwxr-xr-x.  3 jenkins jenkins  101 Mar  2 05:11 pipeline2
drwxr-xr-x.  3 jenkins jenkins  101 Apr 19 03:37 testing01
drwxr-xr-x.  3 jenkins jenkins   61 Feb 24 05:45 testjob1
drwxr-xr-x.  3 jenkins jenkins  101 Feb 24 05:45 testjob2
drwxr-xr-x.  3 jenkins jenkins  101 Apr 23 03:25 testpipeline_sh
drwxr-xr-x.  3 jenkins jenkins  101 Apr 22 03:51 testpipeline_sh1
[root@ip-172-31-88-197 jobs]# cd pipeline
-bash: cd: pipeline: No such file or directory
[root@ip-172-31-88-197 jobs]# cd pipeline1
[root@ip-172-31-88-197 pipeline1]# ls -al
total 12
drwxr-xr-x.  3 jenkins jenkins  101 Apr 23 03:15 .
drwxr-xr-x.  9 jenkins jenkins  136 Apr 22 03:50 ..
drwxr-xr-x. 17 jenkins jenkins 4096 Apr 23 03:15 builds
-rw-r--r--.  1 jenkins jenkins  931 Apr 23 03:15 config.xml
lrwxrwxrwx.  1 jenkins jenkins   22 Apr 23 03:15 lastStable -> builds/lastStableBuild
lrwxrwxrwx.  1 jenkins jenkins   26 Apr 23 03:15 lastSuccessful -> builds/lastSuccessfulBuild
-rw-r--r--.  1 jenkins jenkins    3 Apr 23 03:15 nextBuildNumber
[root@ip-172-31-88-197 pipeline1]# cat config.xml
<?xml version='1.1' encoding='UTF-8'?>
<flow-definition plugin="workflow-job@2.31">
  <actions/>
  <description></description>
  <keepDependencies>false</keepDependencies>
  <properties/>
  <definition class="org.jenkinsci.plugins.workflow.cps.CpsFlowDefinition" plugin="workflow-cps@2.63">
    <script>node  {
        stage(&apos;downloading git repo&apos;){
        ssh_server = &quot;54.90.89.101&quot;
        sh label: &apos;&apos;, script: &apos;&apos;&apos; ssh -o StrictHostKeyChecking=no centos@54.90.89.101 -C &apos;sudo su - root -c &quot;

                                    cd /var/tmp;
                                git clone https://github.com/pragathi-devopsgroup/ansible-playbooks.git;
                                cd ansible-playbooks;
                                ls -al
         &quot; &apos; &apos;&apos;&apos;

        }

}
</script>
    <sandbox>true</sandbox>
  </definition>
  <triggers/>
  <disabled>false</disabled>
</flow-definition>[root@ip-172-31-88-197 pipeline1]# pwd
/var/lib/jenkins/jobs/pipeline1
[root@ip-172-31-88-197 pipeline1]# cd ..
[root@ip-172-31-88-197 jobs]# ls -al
total 4
drwxr-xr-x.  9 jenkins jenkins  136 Apr 22 03:50 .
drwxr-xr-x. 19 jenkins jenkins 4096 Apr 23 03:26 ..
drwxr-xr-x.  3 jenkins jenkins  101 Apr 23 03:15 pipeline1
drwxr-xr-x.  3 jenkins jenkins  101 Mar  2 05:11 pipeline2
drwxr-xr-x.  3 jenkins jenkins  101 Apr 19 03:37 testing01
drwxr-xr-x.  3 jenkins jenkins   61 Feb 24 05:45 testjob1
drwxr-xr-x.  3 jenkins jenkins  101 Feb 24 05:45 testjob2
drwxr-xr-x.  3 jenkins jenkins  101 Apr 23 03:25 testpipeline_sh
drwxr-xr-x.  3 jenkins jenkins  101 Apr 22 03:51 testpipeline_sh1
[root@ip-172-31-88-197 jobs]# cd ..
[root@ip-172-31-88-197 jenkins]# ls-al
-bash: ls-al: command not found
[root@ip-172-31-88-197 jenkins]# cd workspace/
[root@ip-172-31-88-197 workspace]# ls-al
-bash: ls-al: command not found
[root@ip-172-31-88-197 workspace]# ls -al
total 8
drwxr-xr-x.  6 jenkins jenkins   94 Apr 23 02:44 .
drwxr-xr-x. 19 jenkins jenkins 4096 Apr 23 03:26 ..
drwxr-xr-x. 10 jenkins jenkins 4096 Apr 23 02:44 pipeline1
drwxr-xr-x.  2 jenkins jenkins    6 Apr 23 03:15 pipeline1@tmp
drwxr-xr-x.  2 jenkins jenkins    6 Apr 22 03:42 testpipeline_sh
drwxr-xr-x.  2 jenkins jenkins    6 Apr 23 03:25 testpipeline_sh@tmp
[root@ip-172-31-88-197 workspace]# cd pipeline1
[root@ip-172-31-88-197 pipeline1]# ls
ansible-examples  fifthplaybook.yml   httpcust      index.html    lamp_impl  sixth_user1.yml    tomcatdeploy
apache2.yml       firstplaybook.yml   httpdinstall  Jenkinsfile   links      sixth_user.yml     tomcatplaybook.yml
awsplaybook       fourhtplaybook.yml  http.yaml     jenkinsfile1  roles      thirdplaybook.yml  userpar.yml
[root@ip-172-31-88-197 pipeline1]# ls -al
total 60
drwxr-xr-x. 10 jenkins jenkins 4096 Apr 23 02:44 .
drwxr-xr-x.  6 jenkins jenkins   94 Apr 23 02:44 ..
drwxr-xr-x.  2 jenkins jenkins    6 Apr 23 02:44 ansible-examples
-rw-r--r--.  1 jenkins jenkins  254 Apr 23 02:44 apache2.yml
drwxr-xr-x.  2 jenkins jenkins   73 Apr 23 02:44 awsplaybook
-rw-r--r--.  1 jenkins jenkins  583 Apr 23 02:44 fifthplaybook.yml
-rw-r--r--.  1 jenkins jenkins  446 Apr 23 02:44 firstplaybook.yml
-rw-r--r--.  1 jenkins jenkins  545 Apr 23 02:44 fourhtplaybook.yml
drwxr-xr-x.  8 jenkins jenkins  162 Apr 23 03:15 .git
drwxr-xr-x.  2 jenkins jenkins   67 Apr 23 02:44 httpcust
drwxr-xr-x.  2 jenkins jenkins  142 Apr 23 02:44 httpdinstall
-rw-r--r--.  1 jenkins jenkins  579 Apr 23 02:44 http.yaml
-rw-r--r--.  1 jenkins jenkins   70 Apr 23 02:44 index.html
-rw-r--r--.  1 jenkins jenkins 1013 Apr 23 02:44 Jenkinsfile
-rw-r--r--.  1 jenkins jenkins  276 Apr 23 02:44 jenkinsfile1
drwxr-xr-x.  4 jenkins jenkins  120 Apr 23 02:44 lamp_impl
-rw-r--r--.  1 jenkins jenkins   54 Apr 23 02:44 links
drwxr-xr-x.  3 jenkins jenkins   24 Apr 23 02:44 roles
-rw-r--r--.  1 jenkins jenkins  207 Apr 23 02:44 sixth_user1.yml
-rw-r--r--.  1 jenkins jenkins  356 Apr 23 02:44 sixth_user.yml
-rw-r--r--.  1 jenkins jenkins  232 Apr 23 02:44 thirdplaybook.yml
drwxr-xr-x.  2 jenkins jenkins  108 Apr 23 02:44 tomcatdeploy
-rw-r--r--.  1 jenkins jenkins   45 Apr 23 02:44 tomcatplaybook.yml
-rw-r--r--.  1 jenkins jenkins  484 Apr 23 02:44 userpar.yml
[root@ip-172-31-88-197 pipeline1]# pwd
/var/lib/jenkins/workspace/pipeline1
[root@ip-172-31-88-197 pipeline1]#
[root@ip-172-31-88-197 pipeline1]# pwd
/var/lib/jenkins/workspace/pipeline1
[root@ip-172-31-88-197 pipeline1]# cd /var/lib/jenkins/jobs/pipeline1
[root@ip-172-31-88-197 pipeline1]# ls
builds  config.xml  lastStable  lastSuccessful  nextBuildNumber
[root@ip-172-31-88-197 pipeline1]# ls -al\
> ^C
[root@ip-172-31-88-197 pipeline1]# ls -al
total 12
drwxr-xr-x.  3 jenkins jenkins  101 Apr 23 03:15 .
drwxr-xr-x.  9 jenkins jenkins  136 Apr 22 03:50 ..
drwxr-xr-x. 17 jenkins jenkins 4096 Apr 23 03:15 builds
-rw-r--r--.  1 jenkins jenkins  931 Apr 23 03:15 config.xml
lrwxrwxrwx.  1 jenkins jenkins   22 Apr 23 03:15 lastStable -> builds/lastStableBuild
lrwxrwxrwx.  1 jenkins jenkins   26 Apr 23 03:15 lastSuccessful -> builds/lastSuccessfulBuild
-rw-r--r--.  1 jenkins jenkins    3 Apr 23 03:15 nextBuildNumber
[root@ip-172-31-88-197 pipeline1]# cd builds/
[root@ip-172-31-88-197 builds]# ls -al
total 4
drwxr-xr-x. 17 jenkins jenkins 4096 Apr 23 03:15 .
drwxr-xr-x.  3 jenkins jenkins  101 Apr 23 03:15 ..
drwxr-xr-x.  3 jenkins jenkins   67 Apr 23 02:43 1
drwxr-xr-x.  3 jenkins jenkins   67 Apr 23 03:02 10
drwxr-xr-x.  3 jenkins jenkins   67 Apr 23 03:07 11
drwxr-xr-x.  3 jenkins jenkins   67 Apr 23 03:09 12
drwxr-xr-x.  3 jenkins jenkins   67 Apr 23 03:11 13
drwxr-xr-x.  3 jenkins jenkins   89 Apr 23 03:15 14
drwxr-xr-x.  3 jenkins jenkins   67 Apr 23 03:15 15
drwxr-xr-x.  3 jenkins jenkins   89 Apr 23 02:44 2
drwxr-xr-x.  3 jenkins jenkins   89 Apr 23 02:45 3
drwxr-xr-x.  3 jenkins jenkins   89 Apr 23 02:50 4
drwxr-xr-x.  3 jenkins jenkins   67 Apr 23 02:59 5
drwxr-xr-x.  3 jenkins jenkins   67 Apr 23 02:59 6
drwxr-xr-x.  3 jenkins jenkins   67 Apr 23 03:00 7
drwxr-xr-x.  3 jenkins jenkins   67 Apr 23 03:01 8
drwxr-xr-x.  3 jenkins jenkins   67 Apr 23 03:01 9
lrwxrwxrwx.  1 jenkins jenkins    2 Apr 23 03:15 lastFailedBuild -> 14
lrwxrwxrwx.  1 jenkins jenkins    2 Apr 23 03:15 lastStableBuild -> 15
lrwxrwxrwx.  1 jenkins jenkins    2 Apr 23 03:15 lastSuccessfulBuild -> 15
lrwxrwxrwx.  1 jenkins jenkins    2 Apr 18 03:26 lastUnstableBuild -> -1
lrwxrwxrwx.  1 jenkins jenkins    2 Apr 23 03:15 lastUnsuccessfulBuild -> 14
-rw-r--r--.  1 jenkins jenkins    0 Feb 24 05:48 legacyIds
[root@ip-172-31-88-197 builds]# cd 15
[root@ip-172-31-88-197 15]# ls -al
total 20
drwxr-xr-x.  3 jenkins jenkins   67 Apr 23 03:15 .
drwxr-xr-x. 17 jenkins jenkins 4096 Apr 23 03:15 ..
-rw-r--r--.  1 jenkins jenkins 2258 Apr 23 03:15 build.xml
-rw-r--r--.  1 jenkins jenkins 5727 Apr 23 03:15 log
-rw-r--r--.  1 jenkins jenkins   23 Apr 23 03:15 log-index
drwxr-xr-x.  2 jenkins jenkins  152 Apr 23 03:15 workflow
[root@ip-172-31-88-197 15]# more log
Started by user ha:////4Alomik6AiVJXr/0CnNhsY1Rg8aeDX4nxY/vFdWaSDSYAAAAlx+LCAAAAAAAAP9b85aBtbiIQTGjNKU4P08vOT+vOD8nVc83PyU1x6OyILUoJ
zMv2y+/JJUBAhiZGBgqihhk0NSjKDWzXb3RdlLBUSYGJk8GtpzUvPSSDB8G5tKinBIGIZ+sxLJE/ZzEvHT94JKizLx0a6BxUmjGOUNodHsLgAzWEgZu/dLi1CL9xJTczDwAj6Gc
LcAAAAA=admin
Running in Durability level: MAX_SURVIVABILITY
ha:////4LXwmJtnX5YpttkrSHGsFqIiDBGl1hxRPsRF2h0jZi3yAAAAoh+LCAAAAAAAAP9tjTEOwjAQBM8BClpKHuFItIiK1krDC0x8GCfWnbEdkooX8TX+gCESFVvtrLSa5
wtWKcKBo5UdUu8otU4GP9jS5Mixv3geZcdn2TIl9igbHBs2eJyx4YwwR1SwULBGaj0nRzbDRnX6rmuvydanHMu2V1A5c4MHCFXMWcf8hSnC9jqYxPTz/BXAFEIGsfuclm8zQVqF
vQAAAA==[Pipeline] Start of Pipeline
ha:////4GsauJ0y1bqavWaJEZJD7+k6tNCC3qlZWZq588fP3yNAAAAApR+LCAAAAAAAAP9tjTEOwjAUQ3+KOrAycohUghExsUZZOEFIQkgb/d8mKe3EibgadyBQiQlLlmxL1
nu+oE4RjhQdby12HpP2vA+jK4lPFLtroIm3dOGaMFGwXNpJkrGnpUrKFhaxClYC1hZ1oOTRZdiIVt1VExS65pxj2Q4CKm8GeAAThZxVzN8yR9jeRpMIf5y/AJj7DGxXvP/86jdu
ZBmjwAAAAA==[Pipeline] node
Running on ha:////4AZ/+393U+mFMuirmzpNEelA45zxx0qTezkKAsGXBE0KAAAAnh+LCAAAAAAAAP9b85aBtbiIQTGjNKU4P08vOT+vOD8nVc83PyU1x6OyILUoJzMv2y
+/JJUBAhiZGBgqihhk0NSjKDWzXb3RdlLBUSYGJk8GtpzUvPSSDB8G5tKinBIGIZ+sxLJE/ZzEvHT94JKizLx0a6BxUmjGOUNodHsLgAz2EgZh/eT83ILSktQifY3cxGIgrakPA
Hib2iPIAAAAJenkins in /var/lib/jenkins/workspace/pipeline1
ha:////4IkuatCFUFvkmAWqP08YEtTi1n35TEsAWwW5Er0yK1IvAAAApR+LCAAAAAAAAP9tjTEOwjAUQ3+KOrAycoh0gA0xsUZZOEFIQkgb/d8mKe3EibgadyBQiQlLlmxL1
nu+oE4RjhQdby12HpP2vA+jK4lPFLtroIm3dOGaMFGwXNpJkrGnpUrKFhaxClYC1hZ1oOTRZdiIVt1VExS65pxj2Q4CKm8GeAAThZxVzN8yR9jeRpMIf5y/AJj7DGxXvP/86jfo
P95RwAAAAA==[Pipeline] {
ha:////4ALO6RKhVsT3sxSJpIbIrVuJ40JKvbebOJ1Au6YW/zVfAAAApR+LCAAAAAAAAP9tjTEOwjAUQ3+KOrAycoh0gQkxsUZZOEFIQkgb/d8mKe3EibgadyBQiQlLlmxL1
nu+oE4RjhQdby12HpP2vA+jK4lPFLtroIm3dOGaMFGwXNpJkrGnpUrKFhaxClYC1hZ1oOTRZdiIVt1VExS65pxj2Q4CKm8GeAAThZxVzN8yR9jeRpMIf5y/AJj7DGxXvP/86jc0
9154wAAAAA==[Pipeline] stage
ha:////4Ibuqj5lPWCBDc7FKKmWFnR6c7ZwYOJkF064xEby79BJAAAApR+LCAAAAAAAAP9tjTEOwjAUQ3+KOrAycoh0ggUxsUZZOEFIQkgb/d8mKe3EibgadyBQiQlLlmxL1
nu+oE4RjhQdby12HpP2vA+jK4lPFLtroIm3dOGaMFGwXNpJkrGnpUrKFhaxClYC1hZ1oOTRZdiIVt1VExS65pxj2Q4CKm8GeAAThZxVzN8yR9jeRpMIf5y/AJj7DGxXvP/86jek
7ggRwAAAAA==[Pipeline] { (downloading git repo)
ha:////4Pky8DZTZWvcWns1Mogp+OMQrqFT3gTtoR3/YjN56nDGAAAAoh+LCAAAAAAAAP9tjTEOAiEURD9rLGwtPQTbaWGsbAmNJ0AWEZb8zwLrbuWJvJp3kLiJlZNMMm+a9
3rDOic4UbLcG+wdZu14DKOti0+U+lugiXu6ck2YKRguzSSpM+cFJRUDS1gDKwEbgzpQdmgLbIVXD9UGhba9lFS/o4DGdQM8gYlqLiqVL8wJdvexy4Q/z18BzLEA29ce4gfg7KmO
vAAAAA==[Pipeline] sh
+ ssh -o StrictHostKeyChecking=no centos@54.90.89.101 -C 'sudo su - root -c "

                                    cd /var/tmp;
                                git clone https://github.com/pragathi-devopsgroup/ansible-playbooks.git;
                                cd ansible-playbooks;
                                ls -al
         " '
Cloning into 'ansible-playbooks'...
total 60
drwxr-xr-x. 10 root root 4096 Apr 23 03:15 .
drwxrwxrwt.  7 root root  179 Apr 23 03:15 ..
drwxr-xr-x.  2 root root    6 Apr 23 03:15 ansible-examples
-rw-r--r--.  1 root root  254 Apr 23 03:15 apache2.yml
drwxr-xr-x.  2 root root   73 Apr 23 03:15 awsplaybook
-rw-r--r--.  1 root root  583 Apr 23 03:15 fifthplaybook.yml
-rw-r--r--.  1 root root  446 Apr 23 03:15 firstplaybook.yml
-rw-r--r--.  1 root root  545 Apr 23 03:15 fourhtplaybook.yml
drwxr-xr-x.  8 root root  163 Apr 23 03:15 .git
drwxr-xr-x.  2 root root   67 Apr 23 03:15 httpcust
drwxr-xr-x.  2 root root  142 Apr 23 03:15 httpdinstall
-rw-r--r--.  1 root root  579 Apr 23 03:15 http.yaml
-rw-r--r--.  1 root root   70 Apr 23 03:15 index.html
-rw-r--r--.  1 root root 1013 Apr 23 03:15 Jenkinsfile
-rw-r--r--.  1 root root  276 Apr 23 03:15 jenkinsfile1
drwxr-xr-x.  4 root root  120 Apr 23 03:15 lamp_impl
-rw-r--r--.  1 root root   54 Apr 23 03:15 links
drwxr-xr-x.  3 root root   24 Apr 23 03:15 roles
-rw-r--r--.  1 root root  207 Apr 23 03:15 sixth_user1.yml
-rw-r--r--.  1 root root  356 Apr 23 03:15 sixth_user.yml
-rw-r--r--.  1 root root  232 Apr 23 03:15 thirdplaybook.yml
drwxr-xr-x.  2 root root  108 Apr 23 03:15 tomcatdeploy
-rw-r--r--.  1 root root   45 Apr 23 03:15 tomcatplaybook.yml
-rw-r--r--.  1 root root  484 Apr 23 03:15 userpar.yml
ha:////4N84dSLc9NVpwElF6lPbP80/h/cYLWZeaJiTFQ5w6ACqAAAAoh+LCAAAAAAAAP9tjTEOAiEURD9rLGwtPQTbGRNjZUtoPAGyiLDkfxZYdytP5NW8g8RNrJxkknnTv
Ncb1jnBiZLl3mDvMGvHYxhtXXyi1N8CTdzTlWvCTMFwaSZJnTkvKKkYWMIaWAnYGNSBskNbYCu8eqg2KLTtpaT6HQU0rhvgCUxUc1GpfGFOsLuPXSb8ef4KYI6xADvU7j9Dg2gq
vAAAAA==[Pipeline] }
ha:////4Pv3OGLqGdCYiLpH4dishWhwt7ki/AMOc5ViioJ7KgOlAAAAoh+LCAAAAAAAAP9tjTEOAiEURD9rLGwtPQRbWRhjZUtoPAGyiLDkfxZYdytP5NW8g8RNrJxkknnTv
Ncb1jnBiZLl3mDvMGvHYxhtXXyi1N8CTdzTlWvCTMFwaSZJnTkvKKkYWMIaWAnYGNSBskNbYCu8eqg2KLTtpaT6HQU0rhvgCUxUc1GpfGFOsLuPXSb8ef4KYI6xADvU7j9J+wGO
vAAAAA==[Pipeline] // stage
ha:////4Abt1WTGHemtyZGhxGhXQxi3OE0fjWBKeNlk7xSYcmY9AAAAox+LCAAAAAAAAP9tjTEOwjAQBDdBFLSUPMIBiQ5R0VppeIFJjHFi3QX7QlLxIr7GH4iIRMVWO9PM6
41lijhydKqx1HpKlVdd6N301MCxvQYeVMMXVTElDlaVdii5tqcZSxaLeVmOhcbKUhU4eXKCtW7MwxTBkCvOEid30Mh9fccTmZ7KYqJ8YYzY3Po6Mf06fwMYu06Q77aCbP8BhStF
0r0AAAA=[Pipeline] }
ha:////4G8jm/Ka+wSZJjEKp5CPT45ughIi5+u9lW0WsnHrIVN1AAAAoh+LCAAAAAAAAP9tjbEOgjAURS8YB1dHP6KEOBon14bFL6hQa6F5D9uHMPlF/pr/IJHEyTvdc5bze
mOdIo4cnWotdZ5S7VUfBjc/NXLsroFH1fJF1UyJg1WVHStu7GnBisViWZZjpbGxVAdOnpxgq1vzMEUw5IqzxNkdNHLf3PFEpueymChfmCJ2t6FJTL/O3wCmvhfkZSnI9h+Wl0Fx
vQAAAA==[Pipeline] // node
ha:////4PTVN1NZ/eCv/NKxvaA+VXmHaLVm8mli3M+wSlsM8o/XAAAAoh+LCAAAAAAAAP9tjTESgjAQRT84FraWHiKMtI6VbYbGE0SIMZDZxWQRKk/k1byDjMxY+av/XvNeb
6xTxJGjU62lzlOqverD4OanRo7dNfCoWr6omilxsKqyY8WNPS1YsVgsy3KsNDaW6sDJkxNsdWsepgiGXHGWOLuDRu6bO57I9FwWE+ULU8TuNjSJ6df5G8DU94J8Xwqy8gPQ3eZB
vQAAAA==[Pipeline] End of Pipeline
Finished: SUCCESS
[root@ip-172-31-88-197 15]# ls -al
total 20
drwxr-xr-x.  3 jenkins jenkins   67 Apr 23 03:15 .
drwxr-xr-x. 17 jenkins jenkins 4096 Apr 23 03:15 ..
-rw-r--r--.  1 jenkins jenkins 2258 Apr 23 03:15 build.xml
-rw-r--r--.  1 jenkins jenkins 5727 Apr 23 03:15 log
-rw-r--r--.  1 jenkins jenkins   23 Apr 23 03:15 log-index
drwxr-xr-x.  2 jenkins jenkins  152 Apr 23 03:15 workflow
[root@ip-172-31-88-197 15]# pwd
/var/lib/jenkins/jobs/pipeline1/builds/15
[root@ip-172-31-88-197 15]# cd 15^C
[root@ip-172-31-88-197 15]# exit
logout
[centos@ip-172-31-88-197 ~]$ ssh 54.90.89.101
Last login: Tue Apr 23 03:05:26 2019 from 3.93.236.138
[centos@ip-172-31-84-95 ~]$ sudo su -
Last login: Tue Apr 23 03:15:36 UTC 2019
[root@ip-172-31-84-95 ~]# rm -rf /var/tmp/ansible-playbooks/
[root@ip-172-31-84-95 ~]# exit
logout
[centos@ip-172-31-84-95 ~]$ exit
logout
Connection to 54.90.89.101 closed.
[centos@ip-172-31-88-197 ~]$ date
Tue Apr 23 03:43:42 UTC 2019
[centos@ip-172-31-88-197 ~]$
---------------------------------------------------------


login as: centos
Authenticating with public key "imported-openssh-key"
Last login: Mon Apr 22 02:50:08 2019 from 49.207.55.135
[centos@ip-172-31-88-197 ~]$ sudo su -
Last login: Mon Apr 22 02:50:11 UTC 2019 on pts/0
[root@ip-172-31-88-197 ~]# cat /var/lib/jenkins/secrets/initialAdminPassword
4c468deb98a34bec8f7a0bcdf85548e4
[root@ip-172-31-88-197 ~]# exit
logout
[centos@ip-172-31-88-197 ~]$ ssh 54.90.89.101
The authenticity of host '54.90.89.101 (54.90.89.101)' can't be established.
ECDSA key fingerprint is SHA256:BDdzFuv464DOveM3u/TZnvzRV2PyxLnKsarOagBEBRw.
ECDSA key fingerprint is MD5:a4:3f:8c:7c:2e:e3:8c:07:9a:d0:df:3f:7c:2e:f1:3a.
Are you sure you want to continue connecting (yes/no)? yes
Warning: Permanently added '54.90.89.101' (ECDSA) to the list of known hosts.
Last login: Thu Apr 18 03:54:17 2019 from ip-172-31-88-197.ec2.internal
[centos@ip-172-31-84-95 ~]$ sudo su -
Last login: Sun Feb 24 04:45:46 UTC 2019 on pts/0
[root@ip-172-31-84-95 ~]# cat /etc/sudoers
## Sudoers allows particular users to run various commands as
## the root user, without needing the root password.
##
## Examples are provided at the bottom of the file for collections
## of related commands, which can then be delegated out to particular
## users or groups.
##
## This file must be edited with the 'visudo' command.

## Host Aliases
## Groups of machines. You may prefer to use hostnames (perhaps using
## wildcards for entire domains) or IP addresses instead.
# Host_Alias     FILESERVERS = fs1, fs2
# Host_Alias     MAILSERVERS = smtp, smtp2

## User Aliases
## These aren't often necessary, as you can use regular groups
## (ie, from files, LDAP, NIS, etc) in this file - just use %groupname
## rather than USERALIAS
# User_Alias ADMINS = jsmith, mikem


## Command Aliases
## These are groups of related commands...

## Networking
# Cmnd_Alias NETWORKING = /sbin/route, /sbin/ifconfig, /bin/ping, /sbin/dhclient, /usr/bin/net, /sbin/iptables, /usr/bin/rfcomm, /usr/bin/wvdial, /sbin/iwconfig, /sbin/mii-tool

## Installation and management of software
# Cmnd_Alias SOFTWARE = /bin/rpm, /usr/bin/up2date, /usr/bin/yum

## Services
# Cmnd_Alias SERVICES = /sbin/service, /sbin/chkconfig, /usr/bin/systemctl start, /usr/bin/systemctl stop, /usr/bin/systemctl reload, /usr/bin/systemctl restart, /usr/bin/systemctl status, /usr/bin/systemctl enable, /usr/bin/systemctl disable

## Updating the locate database
# Cmnd_Alias LOCATE = /usr/bin/updatedb

## Storage
# Cmnd_Alias STORAGE = /sbin/fdisk, /sbin/sfdisk, /sbin/parted, /sbin/partprobe, /bin/mount, /bin/umount

## Delegating permissions
# Cmnd_Alias DELEGATING = /usr/sbin/visudo, /bin/chown, /bin/chmod, /bin/chgrp

## Processes
# Cmnd_Alias PROCESSES = /bin/nice, /bin/kill, /usr/bin/kill, /usr/bin/killall

## Drivers
# Cmnd_Alias DRIVERS = /sbin/modprobe

# Defaults specification

#
# Refuse to run if unable to disable echo on the tty.
#
Defaults   !visiblepw

#
# Preserving HOME has security implications since many programs
# use it when searching for configuration files. Note that HOME
# is already set when the the env_reset option is enabled, so
# this option is only effective for configurations where either
# env_reset is disabled or HOME is present in the env_keep list.
#
Defaults    always_set_home
Defaults    match_group_by_gid

# Prior to version 1.8.15, groups listed in sudoers that were not
# found in the system group database were passed to the group
# plugin, if any. Starting with 1.8.15, only groups of the form
# %:group are resolved via the group plugin by default.
# We enable always_query_group_plugin to restore old behavior.
# Disable this option for new behavior.
Defaults    always_query_group_plugin

Defaults    env_reset
Defaults    env_keep =  "COLORS DISPLAY HOSTNAME HISTSIZE KDEDIR LS_COLORS"
Defaults    env_keep += "MAIL PS1 PS2 QTDIR USERNAME LANG LC_ADDRESS LC_CTYPE"
Defaults    env_keep += "LC_COLLATE LC_IDENTIFICATION LC_MEASUREMENT LC_MESSAGES"
Defaults    env_keep += "LC_MONETARY LC_NAME LC_NUMERIC LC_PAPER LC_TELEPHONE"
Defaults    env_keep += "LC_TIME LC_ALL LANGUAGE LINGUAS _XKB_CHARSET XAUTHORITY"

#
# Adding HOME to env_keep may enable a user to run unrestricted
# commands via sudo.
#
# Defaults   env_keep += "HOME"

Defaults    secure_path = /sbin:/bin:/usr/sbin:/usr/bin

## Next comes the main part: which users can run what software on
## which machines (the sudoers file can be shared between multiple
## systems).
## Syntax:
##
##      user    MACHINE=COMMANDS
##
## The COMMANDS section may have other options added to it.
##
## Allow root to run any commands anywhere
root    ALL=(ALL)       ALL

## Allows members of the 'sys' group to run networking, software,
## service management apps and more.
# %sys ALL = NETWORKING, SOFTWARE, SERVICES, STORAGE, DELEGATING, PROCESSES, LOCATE, DRIVERS

## Allows people in group wheel to run all commands
%wheel  ALL=(ALL)       ALL

## Same thing without a password
# %wheel        ALL=(ALL)       NOPASSWD: ALL

## Allows members of the users group to mount and unmount the
## cdrom as root
# %users  ALL=/sbin/mount /mnt/cdrom, /sbin/umount /mnt/cdrom

## Allows members of the users group to shutdown this system
# %users  localhost=/sbin/shutdown -h now

## Read drop-in files from /etc/sudoers.d (the # here does not mean a comment)
#includedir /etc/sudoers.d
[root@ip-172-31-84-95 ~]# id -a ansichg
id: ansichg: no such user
[root@ip-172-31-84-95 ~]# useradd -md /home/ansichg ansichg
[root@ip-172-31-84-95 ~]# id -a ansichg\
> ^C
[root@ip-172-31-84-95 ~]# id -a ansichg
uid=1002(ansichg) gid=1002(ansichg) groups=1002(ansichg)
[root@ip-172-31-84-95 ~]# exit
logout
[centos@ip-172-31-84-95 ~]$ exit
logout
Connection to 54.90.89.101 closed.
[centos@ip-172-31-88-197 ~]$ sudo su -
Last login: Tue Apr 23 02:33:56 UTC 2019 on pts/0
[root@ip-172-31-88-197 ~]# cat /etc/sudoers
## Sudoers allows particular users to run various commands as
## the root user, without needing the root password.
##
## Examples are provided at the bottom of the file for collections
## of related commands, which can then be delegated out to particular
## users or groups.
##
## This file must be edited with the 'visudo' command.

## Host Aliases
## Groups of machines. You may prefer to use hostnames (perhaps using
## wildcards for entire domains) or IP addresses instead.
# Host_Alias     FILESERVERS = fs1, fs2
# Host_Alias     MAILSERVERS = smtp, smtp2

## User Aliases
## These aren't often necessary, as you can use regular groups
## (ie, from files, LDAP, NIS, etc) in this file - just use %groupname
## rather than USERALIAS
# User_Alias ADMINS = jsmith, mikem


## Command Aliases
## These are groups of related commands...

## Networking
# Cmnd_Alias NETWORKING = /sbin/route, /sbin/ifconfig, /bin/ping, /sbin/dhclient, /usr/bin/net, /sbin/iptables, /usr/bin/rfcomm, /usr/bin/wvdial, /sbin/iwconfig, /sbin/mii-tool

## Installation and management of software
# Cmnd_Alias SOFTWARE = /bin/rpm, /usr/bin/up2date, /usr/bin/yum

## Services
# Cmnd_Alias SERVICES = /sbin/service, /sbin/chkconfig, /usr/bin/systemctl start, /usr/bin/systemctl stop, /usr/bin/systemctl reload, /usr/bin/systemctl restart, /usr/bin/systemctl status, /usr/bin/systemctl enable, /usr/bin/systemctl disable

## Updating the locate database
# Cmnd_Alias LOCATE = /usr/bin/updatedb

## Storage
# Cmnd_Alias STORAGE = /sbin/fdisk, /sbin/sfdisk, /sbin/parted, /sbin/partprobe, /bin/mount, /bin/umount

## Delegating permissions
# Cmnd_Alias DELEGATING = /usr/sbin/visudo, /bin/chown, /bin/chmod, /bin/chgrp

## Processes
# Cmnd_Alias PROCESSES = /bin/nice, /bin/kill, /usr/bin/kill, /usr/bin/killall

## Drivers
# Cmnd_Alias DRIVERS = /sbin/modprobe

# Defaults specification

#
# Refuse to run if unable to disable echo on the tty.
#
Defaults   !visiblepw

#
# Preserving HOME has security implications since many programs
# use it when searching for configuration files. Note that HOME
# is already set when the the env_reset option is enabled, so
# this option is only effective for configurations where either
# env_reset is disabled or HOME is present in the env_keep list.
#
Defaults    always_set_home
Defaults    match_group_by_gid

# Prior to version 1.8.15, groups listed in sudoers that were not
# found in the system group database were passed to the group
# plugin, if any. Starting with 1.8.15, only groups of the form
# %:group are resolved via the group plugin by default.
# We enable always_query_group_plugin to restore old behavior.
# Disable this option for new behavior.
Defaults    always_query_group_plugin

Defaults    env_reset
Defaults    env_keep =  "COLORS DISPLAY HOSTNAME HISTSIZE KDEDIR LS_COLORS"
Defaults    env_keep += "MAIL PS1 PS2 QTDIR USERNAME LANG LC_ADDRESS LC_CTYPE"
Defaults    env_keep += "LC_COLLATE LC_IDENTIFICATION LC_MEASUREMENT LC_MESSAGES"
Defaults    env_keep += "LC_MONETARY LC_NAME LC_NUMERIC LC_PAPER LC_TELEPHONE"
Defaults    env_keep += "LC_TIME LC_ALL LANGUAGE LINGUAS _XKB_CHARSET XAUTHORITY"

#
# Adding HOME to env_keep may enable a user to run unrestricted
# commands via sudo.
#
# Defaults   env_keep += "HOME"

Defaults    secure_path = /sbin:/bin:/usr/sbin:/usr/bin

## Next comes the main part: which users can run what software on
## which machines (the sudoers file can be shared between multiple
## systems).
## Syntax:
##
##      user    MACHINE=COMMANDS
##
## The COMMANDS section may have other options added to it.
##
## Allow root to run any commands anywhere
root    ALL=(ALL)       ALL

## Allows members of the 'sys' group to run networking, software,
## service management apps and more.
# %sys ALL = NETWORKING, SOFTWARE, SERVICES, STORAGE, DELEGATING, PROCESSES, LOCATE, DRIVERS

## Allows people in group wheel to run all commands
%wheel  ALL=(ALL)       ALL

## Same thing without a password
# %wheel        ALL=(ALL)       NOPASSWD: ALL

## Allows members of the users group to mount and unmount the
## cdrom as root
# %users  ALL=/sbin/mount /mnt/cdrom, /sbin/umount /mnt/cdrom

## Allows members of the users group to shutdown this system
# %users  localhost=/sbin/shutdown -h now

## Read drop-in files from /etc/sudoers.d (the # here does not mean a comment)
#includedir /etc/sudoers.d
jenkins ALL=NOPASSWD: ALL
[root@ip-172-31-88-197 ~]# date^C
[root@ip-172-31-88-197 ~]# exit
logout
[centos@ip-172-31-88-197 ~]$ ssh 54.90.89.101
Last login: Tue Apr 23 02:36:48 2019 from 3.93.236.138
[centos@ip-172-31-84-95 ~]$ sudo su -
Last login: Tue Apr 23 02:36:57 UTC 2019 on pts/0
[root@ip-172-31-84-95 ~]# vi /etc/sudoers
[root@ip-172-31-84-95 ~]# grep -i ansi /etc/sudoers
ansichg ALL=NOPASSWD: ALL
[root@ip-172-31-84-95 ~]# exit
logout
[centos@ip-172-31-84-95 ~]$ exit
logout
Connection to 54.90.89.101 closed.
[centos@ip-172-31-88-197 ~]$ ssh 54.90.89.101^C
[centos@ip-172-31-88-197 ~]$ ssh 54.90.89.101 -C "sudo su - ansichg -c df -h "

Usage:
 su [options] [-] [USER [arg]...]

Change the effective user id and group id to that of USER.
A mere - implies -l.   If USER not given, assume root.

Options:
 -m, -p, --preserve-environment  do not reset environment variables
 -g, --group <group>             specify the primary group
 -G, --supp-group <group>        specify a supplemental group

 -, -l, --login                  make the shell a login shell
 -c, --command <command>         pass a single command to the shell with -c
 --session-command <command>     pass a single command to the shell with -c
                                 and do not create a new session
 -f, --fast                      pass -f to the shell (for csh or tcsh)
 -s, --shell <shell>             run shell if /etc/shells allows it

 -h, --help     display this help and exit
 -V, --version  output version information and exit

For more details see su(1).
[centos@ip-172-31-88-197 ~]$ ssh 54.90.89.101 -C 'sudo su - ansichg -c "df -h" '
Filesystem      Size  Used Avail Use% Mounted on
/dev/xvda1      8.0G  1.2G  6.9G  15% /
devtmpfs        473M     0  473M   0% /dev
tmpfs           495M     0  495M   0% /dev/shm
tmpfs           495M   13M  482M   3% /run
tmpfs           495M     0  495M   0% /sys/fs/cgroup
tmpfs            99M     0   99M   0% /run/user/1000
[centos@ip-172-31-88-197 ~]$ ssh 54.90.89.101 -C 'sudo su - ansichg -c "uname -a" '
Linux ip-172-31-84-95.ec2.internal 3.10.0-957.1.3.el7.x86_64 #1 SMP Thu Nov 29 14:49:43 UTC 2018 x86_64 x86_64 x86_64 GNU/Linux
[centos@ip-172-31-88-197 ~]$ ssh 54.90.89.101 -C 'sudo su - ansichg -c "ip a s" '
1: lo: <LOOPBACK,UP,LOWER_UP> mtu 65536 qdisc noqueue state UNKNOWN group default qlen 1000
    link/loopback 00:00:00:00:00:00 brd 00:00:00:00:00:00
    inet 127.0.0.1/8 scope host lo
       valid_lft forever preferred_lft forever
    inet6 ::1/128 scope host
       valid_lft forever preferred_lft forever
2: eth0: <BROADCAST,MULTICAST,UP,LOWER_UP> mtu 9001 qdisc pfifo_fast state UP group default qlen 1000
    link/ether 12:85:46:4c:ac:fe brd ff:ff:ff:ff:ff:ff
    inet 172.31.84.95/20 brd 172.31.95.255 scope global dynamic eth0
       valid_lft 3120sec preferred_lft 3120sec
    inet6 fe80::1085:46ff:fe4c:acfe/64 scope link
       valid_lft forever preferred_lft forever
[centos@ip-172-31-88-197 ~]$ ^C
[centos@ip-172-31-88-197 ~]$ ssh 54.90.89.101 -C ' sudo su - ansichg -c "
>
>                                 cd /var/tmp
>                                 git clone https://github.com/pragathi-devopsgroup/ansible-code.git
>                                 cd ansible-code
>                                 ls -al" '
-bash: line 3: git: command not found
total 0
drwxrwxrwt.  5 root   root   128 Apr 23 02:32 .
drwxr-xr-x. 19 root   root   267 Feb 22 07:11 ..
drwxrwxrwt.  2 root   root     6 Apr 23 02:32 cloud-init
drwx------.  3 root   root    17 Apr 23 02:32 systemd-private-9b0e294dc4c14813a257658e6f8dc0cb-chronyd.service-PhhNnS
drwx------.  3 centos centos  20 Apr 19 03:36 yum-centos-uJTXaK
-bash: line 4: cd: ansible-code: No such file or directory
[centos@ip-172-31-88-197 ~]$  ssh 54.90.89.101 -C ' sudo su - ansichg -c " yum install -y  git"'
Loaded plugins: fastestmirror
You need to be root to perform this command.
[centos@ip-172-31-88-197 ~]$  ssh 54.90.89.101 -C ' sudo su - ansichg -c " yum list  git"'
Loaded plugins: fastestmirror
Determining fastest mirrors
 * base: mirrors.advancedhosters.com
 * extras: mirrors.advancedhosters.com
 * updates: mirrors.advancedhosters.com
Available Packages
git.x86_64                        1.8.3.1-20.el7                         updates
[centos@ip-172-31-88-197 ~]$  ssh 54.90.89.101 -C ' sudo su - ansichg -c " yum list  git"'^C
[centos@ip-172-31-88-197 ~]$ ssh 54.90.89.101
Last login: Tue Apr 23 02:38:31 2019 from 3.93.236.138
[centos@ip-172-31-84-95 ~]$ sudo su - ansichg
Last login: Tue Apr 23 02:47:45 UTC 2019
[ansichg@ip-172-31-84-95 ~]$ yum install git
Loaded plugins: fastestmirror
You need to be root to perform this command.
[ansichg@ip-172-31-84-95 ~]$ exit
logout
[centos@ip-172-31-84-95 ~]$ id -s root
id: invalid option -- 's'
Try 'id --help' for more information.
[centos@ip-172-31-84-95 ~]$ id -a root
uid=0(root) gid=0(root) groups=0(root)
[centos@ip-172-31-84-95 ~]$ grep -i root /etc/group
root:x:0:
[centos@ip-172-31-84-95 ~]$ grep -i root /etc/passwd
root:x:0:0:root:/root:/bin/bash
operator:x:11:0:operator:/root:/sbin/nologin
[centos@ip-172-31-84-95 ~]$ id -a centos
uid=1000(centos) gid=1000(centos) groups=1000(centos),4(adm),10(wheel),190(systemd-journal)
[centos@ip-172-31-84-95 ~]$ grep -i 1000 /etc/group
centos:x:1000:
[centos@ip-172-31-84-95 ~]$ grep -i 1000 /etc/passwd
centos:x:1000:1000:Cloud User:/home/centos:/bin/bash
[centos@ip-172-31-84-95 ~]$ exit
logout
Connection to 54.90.89.101 closed.
[centos@ip-172-31-88-197 ~]$ ssh 54.90.89.101
Last login: Tue Apr 23 02:48:11 2019 from 3.93.236.138
[centos@ip-172-31-84-95 ~]$ sudo su -  ansichg
Last login: Tue Apr 23 02:48:18 UTC 2019 on pts/0
[ansichg@ip-172-31-84-95 ~]$ yum list git
Loaded plugins: fastestmirror
Loading mirror speeds from cached hostfile
 * base: mirrors.advancedhosters.com
 * extras: mirrors.advancedhosters.com
 * updates: mirrors.advancedhosters.com
Available Packages
git.x86_64                                                    1.8.3.1-20.el7                                                    updates
[ansichg@ip-172-31-84-95 ~]$ yum install git
Loaded plugins: fastestmirror
You need to be root to perform this command.
[ansichg@ip-172-31-84-95 ~]$ exit
logout
[centos@ip-172-31-84-95 ~]$ exit
logout
Connection to 54.90.89.101 closed.
[centos@ip-172-31-88-197 ~]$ ssh 54.90.89.101 -C 'sudo su - ansichg -c "df -h" '
Filesystem      Size  Used Avail Use% Mounted on
/dev/xvda1      8.0G  1.2G  6.9G  15% /
devtmpfs        473M     0  473M   0% /dev
tmpfs           495M     0  495M   0% /dev/shm
tmpfs           495M   13M  482M   3% /run
tmpfs           495M     0  495M   0% /sys/fs/cgroup
tmpfs            99M     0   99M   0% /run/user/1000
[centos@ip-172-31-88-197 ~]$ ssh 54.90.89.101 -C 'sudo su - root -c "df -h" '
Filesystem      Size  Used Avail Use% Mounted on
/dev/xvda1      8.0G  1.2G  6.9G  15% /
devtmpfs        473M     0  473M   0% /dev
tmpfs           495M     0  495M   0% /dev/shm
tmpfs           495M   13M  482M   3% /run
tmpfs           495M     0  495M   0% /sys/fs/cgroup
tmpfs            99M     0   99M   0% /run/user/1000
[centos@ip-172-31-88-197 ~]$ ssh 54.90.89.101 -C 'sudo su - root -c " yum install -y git " '
Loaded plugins: fastestmirror
Loading mirror speeds from cached hostfile
 * base: mirrors.advancedhosters.com
 * extras: mirrors.advancedhosters.com
 * updates: mirrors.advancedhosters.com
Resolving Dependencies
--> Running transaction check
---> Package git.x86_64 0:1.8.3.1-20.el7 will be installed
--> Processing Dependency: perl-Git = 1.8.3.1-20.el7 for package: git-1.8.3.1-20.el7.x86_64
--> Processing Dependency: perl >= 5.008 for package: git-1.8.3.1-20.el7.x86_64
--> Processing Dependency: perl(warnings) for package: git-1.8.3.1-20.el7.x86_64
--> Processing Dependency: perl(vars) for package: git-1.8.3.1-20.el7.x86_64
--> Processing Dependency: perl(strict) for package: git-1.8.3.1-20.el7.x86_64
--> Processing Dependency: perl(lib) for package: git-1.8.3.1-20.el7.x86_64
--> Processing Dependency: perl(Term::ReadKey) for package: git-1.8.3.1-20.el7.x86_64
--> Processing Dependency: perl(Git) for package: git-1.8.3.1-20.el7.x86_64
--> Processing Dependency: perl(Getopt::Long) for package: git-1.8.3.1-20.el7.x86_64
--> Processing Dependency: perl(File::stat) for package: git-1.8.3.1-20.el7.x86_64
--> Processing Dependency: perl(File::Temp) for package: git-1.8.3.1-20.el7.x86_64
--> Processing Dependency: perl(File::Spec) for package: git-1.8.3.1-20.el7.x86_64
--> Processing Dependency: perl(File::Path) for package: git-1.8.3.1-20.el7.x86_64
--> Processing Dependency: perl(File::Find) for package: git-1.8.3.1-20.el7.x86_64
--> Processing Dependency: perl(File::Copy) for package: git-1.8.3.1-20.el7.x86_64
--> Processing Dependency: perl(File::Basename) for package: git-1.8.3.1-20.el7.x86_64
--> Processing Dependency: perl(Exporter) for package: git-1.8.3.1-20.el7.x86_64
--> Processing Dependency: perl(Error) for package: git-1.8.3.1-20.el7.x86_64
--> Processing Dependency: /usr/bin/perl for package: git-1.8.3.1-20.el7.x86_64
--> Running transaction check
---> Package perl.x86_64 4:5.16.3-294.el7_6 will be installed
--> Processing Dependency: perl-libs = 4:5.16.3-294.el7_6 for package: 4:perl-5.16.3-294.el7_6.x86_64
--> Processing Dependency: perl(Socket) >= 1.3 for package: 4:perl-5.16.3-294.el7_6.x86_64
--> Processing Dependency: perl(Scalar::Util) >= 1.10 for package: 4:perl-5.16.3-294.el7_6.x86_64
--> Processing Dependency: perl-macros for package: 4:perl-5.16.3-294.el7_6.x86_64
--> Processing Dependency: perl-libs for package: 4:perl-5.16.3-294.el7_6.x86_64
--> Processing Dependency: perl(threads::shared) for package: 4:perl-5.16.3-294.el7_6.x86_64
--> Processing Dependency: perl(threads) for package: 4:perl-5.16.3-294.el7_6.x86_64
--> Processing Dependency: perl(constant) for package: 4:perl-5.16.3-294.el7_6.x86_64
--> Processing Dependency: perl(Time::Local) for package: 4:perl-5.16.3-294.el7_6.x86_64
--> Processing Dependency: perl(Time::HiRes) for package: 4:perl-5.16.3-294.el7_6.x86_64
--> Processing Dependency: perl(Storable) for package: 4:perl-5.16.3-294.el7_6.x86_64
--> Processing Dependency: perl(Socket) for package: 4:perl-5.16.3-294.el7_6.x86_64
--> Processing Dependency: perl(Scalar::Util) for package: 4:perl-5.16.3-294.el7_6.x86_64
--> Processing Dependency: perl(Pod::Simple::XHTML) for package: 4:perl-5.16.3-294.el7_6.x86_64
--> Processing Dependency: perl(Pod::Simple::Search) for package: 4:perl-5.16.3-294.el7_6.x86_64
--> Processing Dependency: perl(Filter::Util::Call) for package: 4:perl-5.16.3-294.el7_6.x86_64
--> Processing Dependency: perl(Carp) for package: 4:perl-5.16.3-294.el7_6.x86_64
--> Processing Dependency: libperl.so()(64bit) for package: 4:perl-5.16.3-294.el7_6.x86_64
---> Package perl-Error.noarch 1:0.17020-2.el7 will be installed
---> Package perl-Exporter.noarch 0:5.68-3.el7 will be installed
---> Package perl-File-Path.noarch 0:2.09-2.el7 will be installed
---> Package perl-File-Temp.noarch 0:0.23.01-3.el7 will be installed
---> Package perl-Getopt-Long.noarch 0:2.40-3.el7 will be installed
--> Processing Dependency: perl(Pod::Usage) >= 1.14 for package: perl-Getopt-Long-2.40-3.el7.noarch
--> Processing Dependency: perl(Text::ParseWords) for package: perl-Getopt-Long-2.40-3.el7.noarch
---> Package perl-Git.noarch 0:1.8.3.1-20.el7 will be installed
---> Package perl-PathTools.x86_64 0:3.40-5.el7 will be installed
---> Package perl-TermReadKey.x86_64 0:2.30-20.el7 will be installed
--> Running transaction check
---> Package perl-Carp.noarch 0:1.26-244.el7 will be installed
---> Package perl-Filter.x86_64 0:1.49-3.el7 will be installed
---> Package perl-Pod-Simple.noarch 1:3.28-4.el7 will be installed
--> Processing Dependency: perl(Pod::Escapes) >= 1.04 for package: 1:perl-Pod-Simple-3.28-4.el7.noarch
--> Processing Dependency: perl(Encode) for package: 1:perl-Pod-Simple-3.28-4.el7.noarch
---> Package perl-Pod-Usage.noarch 0:1.63-3.el7 will be installed
--> Processing Dependency: perl(Pod::Text) >= 3.15 for package: perl-Pod-Usage-1.63-3.el7.noarch
--> Processing Dependency: perl-Pod-Perldoc for package: perl-Pod-Usage-1.63-3.el7.noarch
---> Package perl-Scalar-List-Utils.x86_64 0:1.27-248.el7 will be installed
---> Package perl-Socket.x86_64 0:2.010-4.el7 will be installed
---> Package perl-Storable.x86_64 0:2.45-3.el7 will be installed
---> Package perl-Text-ParseWords.noarch 0:3.29-4.el7 will be installed
---> Package perl-Time-HiRes.x86_64 4:1.9725-3.el7 will be installed
---> Package perl-Time-Local.noarch 0:1.2300-2.el7 will be installed
---> Package perl-constant.noarch 0:1.27-2.el7 will be installed
---> Package perl-libs.x86_64 4:5.16.3-294.el7_6 will be installed
---> Package perl-macros.x86_64 4:5.16.3-294.el7_6 will be installed
---> Package perl-threads.x86_64 0:1.87-4.el7 will be installed
---> Package perl-threads-shared.x86_64 0:1.43-6.el7 will be installed
--> Running transaction check
---> Package perl-Encode.x86_64 0:2.51-7.el7 will be installed
---> Package perl-Pod-Escapes.noarch 1:1.04-294.el7_6 will be installed
---> Package perl-Pod-Perldoc.noarch 0:3.20-4.el7 will be installed
--> Processing Dependency: perl(parent) for package: perl-Pod-Perldoc-3.20-4.el7.noarch
--> Processing Dependency: perl(HTTP::Tiny) for package: perl-Pod-Perldoc-3.20-4.el7.noarch
---> Package perl-podlators.noarch 0:2.5.1-3.el7 will be installed
--> Running transaction check
---> Package perl-HTTP-Tiny.noarch 0:0.033-3.el7 will be installed
---> Package perl-parent.noarch 1:0.225-244.el7 will be installed
--> Finished Dependency Resolution

Dependencies Resolved

================================================================================
 Package                    Arch       Version                Repository   Size
================================================================================
Installing:
 git                        x86_64     1.8.3.1-20.el7         updates     4.4 M
Installing for dependencies:
 perl                       x86_64     4:5.16.3-294.el7_6     updates     8.0 M
 perl-Carp                  noarch     1.26-244.el7           base         19 k
 perl-Encode                x86_64     2.51-7.el7             base        1.5 M
 perl-Error                 noarch     1:0.17020-2.el7        base         32 k
 perl-Exporter              noarch     5.68-3.el7             base         28 k
 perl-File-Path             noarch     2.09-2.el7             base         26 k
 perl-File-Temp             noarch     0.23.01-3.el7          base         56 k
 perl-Filter                x86_64     1.49-3.el7             base         76 k
 perl-Getopt-Long           noarch     2.40-3.el7             base         56 k
 perl-Git                   noarch     1.8.3.1-20.el7         updates      55 k
 perl-HTTP-Tiny             noarch     0.033-3.el7            base         38 k
 perl-PathTools             x86_64     3.40-5.el7             base         82 k
 perl-Pod-Escapes           noarch     1:1.04-294.el7_6       updates      51 k
 perl-Pod-Perldoc           noarch     3.20-4.el7             base         87 k
 perl-Pod-Simple            noarch     1:3.28-4.el7           base        216 k
 perl-Pod-Usage             noarch     1.63-3.el7             base         27 k
 perl-Scalar-List-Utils     x86_64     1.27-248.el7           base         36 k
 perl-Socket                x86_64     2.010-4.el7            base         49 k
 perl-Storable              x86_64     2.45-3.el7             base         77 k
 perl-TermReadKey           x86_64     2.30-20.el7            base         31 k
 perl-Text-ParseWords       noarch     3.29-4.el7             base         14 k
 perl-Time-HiRes            x86_64     4:1.9725-3.el7         base         45 k
 perl-Time-Local            noarch     1.2300-2.el7           base         24 k
 perl-constant              noarch     1.27-2.el7             base         19 k
 perl-libs                  x86_64     4:5.16.3-294.el7_6     updates     688 k
 perl-macros                x86_64     4:5.16.3-294.el7_6     updates      44 k
 perl-parent                noarch     1:0.225-244.el7        base         12 k
 perl-podlators             noarch     2.5.1-3.el7            base        112 k
 perl-threads               x86_64     1.87-4.el7             base         49 k
 perl-threads-shared        x86_64     1.43-6.el7             base         39 k

Transaction Summary
================================================================================
Install  1 Package (+30 Dependent packages)

Total download size: 16 M
Installed size: 59 M
Downloading packages:
--------------------------------------------------------------------------------
Total                                               18 MB/s |  16 MB  00:00
Running transaction check
Running transaction test
Transaction test succeeded
Running transaction
  Installing : 1:perl-parent-0.225-244.el7.noarch                          1/31
  Installing : perl-HTTP-Tiny-0.033-3.el7.noarch                           2/31
  Installing : perl-podlators-2.5.1-3.el7.noarch                           3/31
  Installing : perl-Pod-Perldoc-3.20-4.el7.noarch                          4/31
  Installing : 1:perl-Pod-Escapes-1.04-294.el7_6.noarch                    5/31
  Installing : perl-Encode-2.51-7.el7.x86_64                               6/31
  Installing : perl-Text-ParseWords-3.29-4.el7.noarch                      7/31
  Installing : perl-Pod-Usage-1.63-3.el7.noarch                            8/31
  Installing : 4:perl-libs-5.16.3-294.el7_6.x86_64                         9/31
  Installing : 4:perl-macros-5.16.3-294.el7_6.x86_64                      10/31
  Installing : 4:perl-Time-HiRes-1.9725-3.el7.x86_64                      11/31
  Installing : perl-Exporter-5.68-3.el7.noarch                            12/31
  Installing : perl-constant-1.27-2.el7.noarch                            13/31
  Installing : perl-Time-Local-1.2300-2.el7.noarch                        14/31
  Installing : perl-Socket-2.010-4.el7.x86_64                             15/31
  Installing : perl-Carp-1.26-244.el7.noarch                              16/31
  Installing : perl-Storable-2.45-3.el7.x86_64                            17/31
  Installing : perl-PathTools-3.40-5.el7.x86_64                           18/31
  Installing : perl-Scalar-List-Utils-1.27-248.el7.x86_64                 19/31
  Installing : perl-File-Temp-0.23.01-3.el7.noarch                        20/31
  Installing : perl-File-Path-2.09-2.el7.noarch                           21/31
  Installing : perl-threads-shared-1.43-6.el7.x86_64                      22/31
  Installing : perl-threads-1.87-4.el7.x86_64                             23/31
  Installing : 1:perl-Pod-Simple-3.28-4.el7.noarch                        24/31
  Installing : perl-Filter-1.49-3.el7.x86_64                              25/31
  Installing : perl-Getopt-Long-2.40-3.el7.noarch                         26/31
  Installing : 4:perl-5.16.3-294.el7_6.x86_64                             27/31
  Installing : 1:perl-Error-0.17020-2.el7.noarch                          28/31
  Installing : perl-TermReadKey-2.30-20.el7.x86_64                        29/31
  Installing : perl-Git-1.8.3.1-20.el7.noarch                             30/31
  Installing : git-1.8.3.1-20.el7.x86_64                                  31/31
  Verifying  : perl-HTTP-Tiny-0.033-3.el7.noarch                           1/31
  Verifying  : perl-threads-shared-1.43-6.el7.x86_64                       2/31
  Verifying  : 4:perl-Time-HiRes-1.9725-3.el7.x86_64                       3/31
  Verifying  : 1:perl-Pod-Escapes-1.04-294.el7_6.noarch                    4/31
  Verifying  : perl-Exporter-5.68-3.el7.noarch                             5/31
  Verifying  : perl-constant-1.27-2.el7.noarch                             6/31
  Verifying  : perl-PathTools-3.40-5.el7.x86_64                            7/31
  Verifying  : 1:perl-parent-0.225-244.el7.noarch                          8/31
  Verifying  : perl-TermReadKey-2.30-20.el7.x86_64                         9/31
  Verifying  : 4:perl-libs-5.16.3-294.el7_6.x86_64                        10/31
  Verifying  : perl-File-Temp-0.23.01-3.el7.noarch                        11/31
  Verifying  : perl-Git-1.8.3.1-20.el7.noarch                             12/31
  Verifying  : perl-Time-Local-1.2300-2.el7.noarch                        13/31
  Verifying  : 4:perl-macros-5.16.3-294.el7_6.x86_64                      14/31
  Verifying  : perl-Socket-2.010-4.el7.x86_64                             15/31
  Verifying  : perl-Carp-1.26-244.el7.noarch                              16/31
  Verifying  : 1:perl-Error-0.17020-2.el7.noarch                          17/31
  Verifying  : git-1.8.3.1-20.el7.x86_64                                  18/31
  Verifying  : perl-Storable-2.45-3.el7.x86_64                            19/31
  Verifying  : perl-Scalar-List-Utils-1.27-248.el7.x86_64                 20/31
  Verifying  : perl-Pod-Usage-1.63-3.el7.noarch                           21/31
  Verifying  : perl-Encode-2.51-7.el7.x86_64                              22/31
  Verifying  : perl-Pod-Perldoc-3.20-4.el7.noarch                         23/31
  Verifying  : perl-podlators-2.5.1-3.el7.noarch                          24/31
  Verifying  : perl-File-Path-2.09-2.el7.noarch                           25/31
  Verifying  : perl-threads-1.87-4.el7.x86_64                             26/31
  Verifying  : 1:perl-Pod-Simple-3.28-4.el7.noarch                        27/31
  Verifying  : perl-Filter-1.49-3.el7.x86_64                              28/31
  Verifying  : perl-Getopt-Long-2.40-3.el7.noarch                         29/31
  Verifying  : perl-Text-ParseWords-3.29-4.el7.noarch                     30/31
  Verifying  : 4:perl-5.16.3-294.el7_6.x86_64                             31/31

Installed:
  git.x86_64 0:1.8.3.1-20.el7

Dependency Installed:
  perl.x86_64 4:5.16.3-294.el7_6
  perl-Carp.noarch 0:1.26-244.el7
  perl-Encode.x86_64 0:2.51-7.el7
  perl-Error.noarch 1:0.17020-2.el7
  perl-Exporter.noarch 0:5.68-3.el7
  perl-File-Path.noarch 0:2.09-2.el7
  perl-File-Temp.noarch 0:0.23.01-3.el7
  perl-Filter.x86_64 0:1.49-3.el7
  perl-Getopt-Long.noarch 0:2.40-3.el7
  perl-Git.noarch 0:1.8.3.1-20.el7
  perl-HTTP-Tiny.noarch 0:0.033-3.el7
  perl-PathTools.x86_64 0:3.40-5.el7
  perl-Pod-Escapes.noarch 1:1.04-294.el7_6
  perl-Pod-Perldoc.noarch 0:3.20-4.el7
  perl-Pod-Simple.noarch 1:3.28-4.el7
  perl-Pod-Usage.noarch 0:1.63-3.el7
  perl-Scalar-List-Utils.x86_64 0:1.27-248.el7
  perl-Socket.x86_64 0:2.010-4.el7
  perl-Storable.x86_64 0:2.45-3.el7
  perl-TermReadKey.x86_64 0:2.30-20.el7
  perl-Text-ParseWords.noarch 0:3.29-4.el7
  perl-Time-HiRes.x86_64 4:1.9725-3.el7
  perl-Time-Local.noarch 0:1.2300-2.el7
  perl-constant.noarch 0:1.27-2.el7
  perl-libs.x86_64 4:5.16.3-294.el7_6
  perl-macros.x86_64 4:5.16.3-294.el7_6
  perl-parent.noarch 1:0.225-244.el7
  perl-podlators.noarch 0:2.5.1-3.el7
  perl-threads.x86_64 0:1.87-4.el7
  perl-threads-shared.x86_64 0:1.43-6.el7

Complete!
[centos@ip-172-31-88-197 ~]$ ssh 54.90.89.101 -C 'sudo su - root -c " yum install -y git " '^C
[centos@ip-172-31-88-197 ~]$ su - jenkins
Password:
[centos@ip-172-31-88-197 ~]$ sudo su - jenkins
Last login: Fri Apr 19 03:38:42 UTC 2019 on pts/0
-bash-4.2$ pwd
/var/lib/jenkins
-bash-4.2$ ls -al
total 124
drwxr-xr-x. 19 jenkins jenkins  4096 Apr 23 03:02 .
drwxr-xr-x. 30 root    root     4096 Apr 23 03:00 ..
drwx------.  3 jenkins jenkins    17 Mar  2 04:34 .ansible
-rw-------.  1 jenkins jenkins   796 Apr 18 04:13 .bash_history
drwxr-xr-x.  4 jenkins jenkins    94 Apr 22 04:22 caches
-rw-r--r--.  1 jenkins jenkins  1644 Apr 23 02:33 config.xml
-rw-r--r--.  1 jenkins jenkins  4679 Apr 19 03:32 credentials.xml
drwxr-xr-x.  4 jenkins jenkins    26 Apr 23 02:33 fingerprints
drwxr-xr-x.  3 jenkins jenkins    20 Feb 22 07:23 .groovy
-rw-r--r--.  1 jenkins jenkins   156 Apr 23 02:33 hudson.model.UpdateCenter.xml
-rw-r--r--.  1 jenkins jenkins  1230 Mar  2 04:10 hudson.plugins.emailext.ExtendedEmailPublisher.xml
-rw-r--r--.  1 jenkins jenkins   370 Feb 22 07:23 hudson.plugins.git.GitTool.xml
-rw-------.  1 jenkins jenkins  1712 Feb 22 07:19 identity.key.enc
-rw-r--r--.  1 jenkins jenkins  7626 Feb 24 05:45 installedPlugins.xml
drwxr-xr-x.  3 jenkins jenkins    19 Feb 22 07:19 .java
-rw-r--r--.  1 jenkins jenkins    94 Feb 22 07:19 jenkins.CLI.xml
-rw-r--r--.  1 jenkins jenkins     7 Feb 22 07:26 jenkins.install.InstallUtil.lastExecVersion
-rw-r--r--.  1 jenkins jenkins     7 Feb 22 07:26 jenkins.install.UpgradeWizard.state
-rw-r--r--.  1 jenkins jenkins   181 Feb 22 07:26 jenkins.model.JenkinsLocationConfiguration.xml
-rw-r--r--.  1 jenkins jenkins   171 Feb 22 07:19 jenkins.telemetry.Correlator.xml
drwxr-xr-x.  9 jenkins jenkins   136 Apr 22 03:50 jobs
drwxr-xr-x.  4 jenkins jenkins    33 Feb 22 07:53 logs
-rw-r--r--.  1 jenkins jenkins   907 Apr 23 02:33 nodeMonitors.xml
drwxr-xr-x.  3 jenkins jenkins    19 Feb 22 07:53 nodes
-rw-r--r--.  1 jenkins jenkins    46 Apr 23 03:02 org.jenkinsci.plugins.workflow.flow.FlowExecutionList.xml
-rw-r--r--.  1 jenkins jenkins    62 Apr 22 05:34 .owner
drwxr-----.  3 jenkins jenkins    19 Feb 24 05:50 .pki
drwxr-xr-x. 83 jenkins jenkins  8192 Apr 18 04:25 plugins
-rw-r--r--.  1 jenkins jenkins   131 Apr 23 03:02 queue.xml
-rw-r--r--.  1 jenkins jenkins   131 Apr 22 06:22 queue.xml.bak
-rw-r--r--.  1 jenkins jenkins    64 Feb 22 07:19 secret.key
-rw-r--r--.  1 jenkins jenkins     0 Feb 22 07:19 secret.key.not-so-secret
drwx------.  4 jenkins jenkins  4096 Mar  2 04:15 secrets
drwx------.  2 jenkins jenkins    57 Feb 22 08:02 .ssh
-rw-------.  1 jenkins jenkins 12288 Mar  2 04:05 .test.txt.swp
-rw-r--r--.  1 jenkins jenkins     0 Apr 23 03:02 ThinBackup Worker Thread.log
-rw-r--r--.  1 jenkins jenkins   993 Feb 24 05:46 thinBackup.xml
drwxr-xr-x.  2 jenkins jenkins   240 Apr 22 02:44 updates
drwxr-xr-x.  2 jenkins jenkins    24 Feb 22 07:19 userContent
drwxr-xr-x.  4 jenkins jenkins    91 Mar  2 04:49 users
drwxr-xr-x.  2 jenkins jenkins     6 Feb 22 07:23 workflow-libs
drwxr-xr-x.  6 jenkins jenkins    94 Apr 23 02:44 workspace
-bash-4.2$ cd .ssh/
-bash-4.2$ ls-al
-bash: ls-al: command not found
-bash-4.2$ ls
id_rsa  id_rsa.pub  known_hosts
-bash-4.2$ cat id_rsa
-----BEGIN RSA PRIVATE KEY-----
MIIEpAIBAAKCAQEAy6fxVkwMlRrpMbZSvUi+7FbcS8K+iqw742aBICjOePNoV2cL
oq9gOHYo7hONEi6Qqaa79yGUkKj5HMBfW/fzAkobxUTjUmCQnf6fw+svsDVEhwD2
dyXhdABeRyHZmYb7NXjPlk+I6xkgE23Z3fLBO8NZhSi0qJQFavcWEUydRIUJOYZr
AsUpPurPkZmA48QaIQsZD87o76ZPXeyQ2aWb0iHDYCWlQkVebfIuqktYbjEYMq3C
I2qOdJ/sRR6PXpJ+GMSxS9uDuDa8YbXMZhO7boXN3pWpz7Sk22NW4IXa92RmtjZo
GI2Dw8/Z+U5JE39sLgskfABnFjG11V7wgytx9wIDAQABAoIBAEPRaUyThp0gmQc0
79iYoPuS8UlJUKpdMJRJTjanYBpm9Bgm+Hj0bdZfgsHFQPUNDJ9yJqXlSNPjcRFh
/l9h8kqQ4y6OAiUsgvwaDpnvd7H2Cxvp9ik3NBytArgtTYkSqhTkZjxnv/CKLWRK
8II4lKCSLP1q0L5SjHtSTMb1/GkUTCqlqGKWLoeZ29UjIuZMQ2dVyYY+PNyUsDgC
LXIvxeJxQDz10abrwM4ntDtnpPbfP1VqipSiSoSJ4S1VYqLmtKajdem39dFX4UY8
rcX7w9aLVtK1g6uoI9N+/PvHj3r0JJHRxbPNCsh4lWP+yvgSIKlviA78bX3/QnVu
kWyuzgECgYEA5bKZvXKUDU5KxdXc4jgBtBrJ1wFd7YmD1k15ehZkdAl2/yTPInUH
N6uUliFDLBoMxuIc95qR3F0OwvCRpZ7SfzcsQMTAI1hyhYNinpGkeymTNV0xiWYp
tDfEgitFAQFEtpdl6aLIY7u3lxmFdfE9UduVrDycyeMXDJJ/K7R4mU0CgYEA4vnz
9kmjxUGbHjPdvtd/2EgGILIClnxzZuXRPe/0rHMv/X8FQqb8XyK8KQPTPf0B5hfE
95aVg9eD9OHMib7jwSoiPVLErBbI4C5NUFUSy7DgC8QPyC/5Hbv8eq5xhFktlQYn
TZjVqGmmjNyLduab5pLU+6Svers2btYxhKzptlMCgYADcDH28QEgVdyuq23cAQSd
go0k58NVK+rKSWyZFD66se2TEiT7mg7amXnm6WaNAXLRg071sd2fE9GFv34eoYr7
FoNWENvja46DSx0tzHZO1ad7dAKq0Nms9ey+GhG1WySBKzD+V05yl7u+ykYCJvNJ
B2VtJ5cdOoX8zTCUIeZwPQKBgQCFbMORqtY/tYI27exTLCD2Bdi8TYgh6ER6X2xy
CWV+HjQ+wvVXqgu+7Q9I2PvLe7grBxv9IyL/HqhuQnHXI0SFH3yDKe187+PjjLRc
HbZv0KjTocxZNIIvjXssrvECCN43tSdTgR1P49NJCLhfC87narcSukuBTR4BZ54y
TOcSCwKBgQCw+QY50Qpt//oGMCoKngEfkdcGKNZ6z4tRnVti2nXi1OXMJVnVLski
ck4w5JkcL/why8bnFHKCjRnxa/O8vg+LIOTvbGllPz64n+vER40LN31uAJRi6RYL
LegwOia6+bTyNTg3g8GBH4wqKSYwoaLq7ok0n68diFXs1PDfA/VMng==
-----END RSA PRIVATE KEY-----
-bash-4.2$ cat id_rsa.pub
ssh-rsa AAAAB3NzaC1yc2EAAAADAQABAAABAQDLp/FWTAyVGukxtlK9SL7sVtxLwr6KrDvjZoEgKM5482hXZwuir2A4dijuE40SLpCpprv3IZSQqPkcwF9b9/MCShvFRONSYJCd/p/D6y+wNUSHAPZ3JeF0AF5HIdmZhvs1eM+WT4jrGSATbdnd8sE7w1mFKLSolAVq9xYRTJ1EhQk5hmsCxSk+6s+RmYDjxBohCxkPzujvpk9d7JDZpZvSIcNgJaVCRV5t8i6qS1huMRgyrcIjao50n+xFHo9ekn4YxLFL24O4NrxhtcxmE7tuhc3elanPtKTbY1bghdr3ZGa2NmgYjYPDz9n5TkkTf2wuCyR8AGcWMbXVXvCDK3H3 jenkins@ip-172-31-88-197.ec2.internal
-bash-4.2$ exit
logout
[centos@ip-172-31-88-197 ~]$ ssh 54.90.89.101 -C 'sudo su - root -c " yum install -y git " '^C
[centos@ip-172-31-88-197 ~]$ ssh 54.90.89.101
Last login: Tue Apr 23 02:53:15 2019 from 3.93.236.138
[centos@ip-172-31-84-95 ~]$ cd .ssh
[centos@ip-172-31-84-95 .ssh]$ ls-al
-bash: ls-al: command not found
[centos@ip-172-31-84-95 .ssh]$ ls
authorized_keys
[centos@ip-172-31-84-95 .ssh]$ vi authorized_keys
[centos@ip-172-31-84-95 .ssh]$ exit
logout
Connection to 54.90.89.101 closed.
[centos@ip-172-31-88-197 ~]$ ssh jenkins@54.90.89.101
Permission denied (publickey,gssapi-keyex,gssapi-with-mic).
[centos@ip-172-31-88-197 ~]$ sudo su -
Last login: Tue Apr 23 02:38:08 UTC 2019 on pts/0
[root@ip-172-31-88-197 ~]# su - jenkins
Last login: Tue Apr 23 03:03:13 UTC 2019 on pts/0
-bash-4.2$ ssh centos@54.90.89.101
The authenticity of host '54.90.89.101 (54.90.89.101)' can't be established.
ECDSA key fingerprint is SHA256:BDdzFuv464DOveM3u/TZnvzRV2PyxLnKsarOagBEBRw.
ECDSA key fingerprint is MD5:a4:3f:8c:7c:2e:e3:8c:07:9a:d0:df:3f:7c:2e:f1:3a.
Are you sure you want to continue connecting (yes/no)? yes
Warning: Permanently added '54.90.89.101' (ECDSA) to the list of known hosts.
Last login: Tue Apr 23 03:03:53 2019 from 3.93.236.138
[centos@ip-172-31-84-95 ~]$ exit
logout
Connection to 54.90.89.101 closed.
-bash-4.2$ exit
logout
[root@ip-172-31-88-197 ~]# exit
logout
[centos@ip-172-31-88-197 ~]$ sudo su -
Last login: Tue Apr 23 03:05:07 UTC 2019 on pts/0
[root@ip-172-31-88-197 ~]# su - jenkins
Last login: Tue Apr 23 03:05:10 UTC 2019 on pts/0
-bash-4.2$ cd /var/tmp
-bash-4.2$                                 git clone https://github.com/pragathi-devopsgroup/ansible-code.git
Cloning into 'ansible-code'...
Username for 'https://github.com': ^C
-bash-4.2$ cd /var/tmp
-bash-4.2$                                 git clone https://github.com/pragathi-devopsgroup/ansible-code.git
Cloning into 'ansible-code'...
Username for 'https://github.com': ^C
-bash-4.2$ cd /var/tmp
-bash-4.2$                                 git clone https://github.com/pragathi-devopsgroup/ansible-code.git
Cloning into 'ansible-code'...
Username for 'https://github.com': ^C
-bash-4.2$ ssh -o StrictHostKeyChecking=no centos@54.90.89.101 -C 'sudo su - root -c " df -h ; ls -al "'
Filesystem      Size  Used Avail Use% Mounted on
/dev/xvda1      8.0G  1.3G  6.8G  16% /
devtmpfs        473M     0  473M   0% /dev
tmpfs           495M     0  495M   0% /dev/shm
tmpfs           495M   13M  482M   3% /run
tmpfs           495M     0  495M   0% /sys/fs/cgroup
tmpfs            99M     0   99M   0% /run/user/1000
tmpfs            99M     0   99M   0% /run/user/0
total 40
dr-xr-x---.  4 root root  182 Apr 23 03:09 .
dr-xr-xr-x. 17 root root  224 Jan 28 20:57 ..
-rw-------.  1 root root 6921 Jan 28 21:02 anaconda-ks.cfg
-rw-------.  1 root root  366 Apr 23 02:39 .bash_history
-rw-r--r--.  1 root root   18 Dec 29  2013 .bash_logout
-rw-r--r--.  1 root root  176 Dec 29  2013 .bash_profile
-rw-r--r--.  1 root root  176 Dec 29  2013 .bashrc
-rw-r--r--.  1 root root  100 Dec 29  2013 .cshrc
-rw-------.  1 root root 6577 Jan 28 21:02 original-ks.cfg
drwxr-----.  3 root root   19 Apr 23 03:09 .pki
drwx------.  2 root root   29 Feb 22 07:12 .ssh
-rw-r--r--.  1 root root  129 Dec 29  2013 .tcshrc
-bash-4.2$ ssh -o StrictHostKeyChecking=no centos@54.90.89.101 -C 'sudo su - root -c " cd /var/tmp/; git clone ^C
-bash-4.2$ ansible-playbook -i  test.yam^C
-bash-4.2$ exit
logout
[root@ip-172-31-88-197 ~]# cd /var/lib/jenkins/
[root@ip-172-31-88-197 jenkins]# ls
caches                                              nodeMonitors.xml
config.xml                                          nodes
credentials.xml                                     org.jenkinsci.plugins.workflow.flow.FlowExecutionList.xml
fingerprints                                        plugins
hudson.model.UpdateCenter.xml                       queue.xml
hudson.plugins.emailext.ExtendedEmailPublisher.xml  queue.xml.bak
hudson.plugins.git.GitTool.xml                      secret.key
identity.key.enc                                    secret.key.not-so-secret
installedPlugins.xml                                secrets
jenkins.CLI.xml                                     ThinBackup Worker Thread.log
jenkins.install.InstallUtil.lastExecVersion         thinBackup.xml
jenkins.install.UpgradeWizard.state                 updates
jenkins.model.JenkinsLocationConfiguration.xml      userContent
jenkins.telemetry.Correlator.xml                    users
jobs                                                workflow-libs
logs                                                workspace
[root@ip-172-31-88-197 jenkins]# cd jobs/
[root@ip-172-31-88-197 jobs]# ls -al
total 4
drwxr-xr-x.  9 jenkins jenkins  136 Apr 22 03:50 .
drwxr-xr-x. 19 jenkins jenkins 4096 Apr 23 03:26 ..
drwxr-xr-x.  3 jenkins jenkins  101 Apr 23 03:15 pipeline1
drwxr-xr-x.  3 jenkins jenkins  101 Mar  2 05:11 pipeline2
drwxr-xr-x.  3 jenkins jenkins  101 Apr 19 03:37 testing01
drwxr-xr-x.  3 jenkins jenkins   61 Feb 24 05:45 testjob1
drwxr-xr-x.  3 jenkins jenkins  101 Feb 24 05:45 testjob2
drwxr-xr-x.  3 jenkins jenkins  101 Apr 23 03:25 testpipeline_sh
drwxr-xr-x.  3 jenkins jenkins  101 Apr 22 03:51 testpipeline_sh1
[root@ip-172-31-88-197 jobs]# cd pipeline
-bash: cd: pipeline: No such file or directory
[root@ip-172-31-88-197 jobs]# cd pipeline1
[root@ip-172-31-88-197 pipeline1]# ls -al
total 12
drwxr-xr-x.  3 jenkins jenkins  101 Apr 23 03:15 .
drwxr-xr-x.  9 jenkins jenkins  136 Apr 22 03:50 ..
drwxr-xr-x. 17 jenkins jenkins 4096 Apr 23 03:15 builds
-rw-r--r--.  1 jenkins jenkins  931 Apr 23 03:15 config.xml
lrwxrwxrwx.  1 jenkins jenkins   22 Apr 23 03:15 lastStable -> builds/lastStableBuild
lrwxrwxrwx.  1 jenkins jenkins   26 Apr 23 03:15 lastSuccessful -> builds/lastSuccessfulBuild
-rw-r--r--.  1 jenkins jenkins    3 Apr 23 03:15 nextBuildNumber
[root@ip-172-31-88-197 pipeline1]# cat config.xml
<?xml version='1.1' encoding='UTF-8'?>
<flow-definition plugin="workflow-job@2.31">
  <actions/>
  <description></description>
  <keepDependencies>false</keepDependencies>
  <properties/>
  <definition class="org.jenkinsci.plugins.workflow.cps.CpsFlowDefinition" plugin="workflow-cps@2.63">
    <script>node  {
        stage(&apos;downloading git repo&apos;){
        ssh_server = &quot;54.90.89.101&quot;
        sh label: &apos;&apos;, script: &apos;&apos;&apos; ssh -o StrictHostKeyChecking=no centos@54.90.89.101 -C &apos;sudo su - root -c &quot;

                                    cd /var/tmp;
                                git clone https://github.com/pragathi-devopsgroup/ansible-playbooks.git;
                                cd ansible-playbooks;
                                ls -al
         &quot; &apos; &apos;&apos;&apos;

        }

}
</script>
    <sandbox>true</sandbox>
  </definition>
  <triggers/>
  <disabled>false</disabled>
</flow-definition>[root@ip-172-31-88-197 pipeline1]# pwd
/var/lib/jenkins/jobs/pipeline1
[root@ip-172-31-88-197 pipeline1]# cd ..
[root@ip-172-31-88-197 jobs]# ls -al
total 4
drwxr-xr-x.  9 jenkins jenkins  136 Apr 22 03:50 .
drwxr-xr-x. 19 jenkins jenkins 4096 Apr 23 03:26 ..
drwxr-xr-x.  3 jenkins jenkins  101 Apr 23 03:15 pipeline1
drwxr-xr-x.  3 jenkins jenkins  101 Mar  2 05:11 pipeline2
drwxr-xr-x.  3 jenkins jenkins  101 Apr 19 03:37 testing01
drwxr-xr-x.  3 jenkins jenkins   61 Feb 24 05:45 testjob1
drwxr-xr-x.  3 jenkins jenkins  101 Feb 24 05:45 testjob2
drwxr-xr-x.  3 jenkins jenkins  101 Apr 23 03:25 testpipeline_sh
drwxr-xr-x.  3 jenkins jenkins  101 Apr 22 03:51 testpipeline_sh1
[root@ip-172-31-88-197 jobs]# cd ..
[root@ip-172-31-88-197 jenkins]# ls-al
-bash: ls-al: command not found
[root@ip-172-31-88-197 jenkins]# cd workspace/
[root@ip-172-31-88-197 workspace]# ls-al
-bash: ls-al: command not found
[root@ip-172-31-88-197 workspace]# ls -al
total 8
drwxr-xr-x.  6 jenkins jenkins   94 Apr 23 02:44 .
drwxr-xr-x. 19 jenkins jenkins 4096 Apr 23 03:26 ..
drwxr-xr-x. 10 jenkins jenkins 4096 Apr 23 02:44 pipeline1
drwxr-xr-x.  2 jenkins jenkins    6 Apr 23 03:15 pipeline1@tmp
drwxr-xr-x.  2 jenkins jenkins    6 Apr 22 03:42 testpipeline_sh
drwxr-xr-x.  2 jenkins jenkins    6 Apr 23 03:25 testpipeline_sh@tmp
[root@ip-172-31-88-197 workspace]# cd pipeline1
[root@ip-172-31-88-197 pipeline1]# ls
ansible-examples  fifthplaybook.yml   httpcust      index.html    lamp_impl  sixth_user1.yml    tomcatdeploy
apache2.yml       firstplaybook.yml   httpdinstall  Jenkinsfile   links      sixth_user.yml     tomcatplaybook.yml
awsplaybook       fourhtplaybook.yml  http.yaml     jenkinsfile1  roles      thirdplaybook.yml  userpar.yml
[root@ip-172-31-88-197 pipeline1]# ls -al
total 60
drwxr-xr-x. 10 jenkins jenkins 4096 Apr 23 02:44 .
drwxr-xr-x.  6 jenkins jenkins   94 Apr 23 02:44 ..
drwxr-xr-x.  2 jenkins jenkins    6 Apr 23 02:44 ansible-examples
-rw-r--r--.  1 jenkins jenkins  254 Apr 23 02:44 apache2.yml
drwxr-xr-x.  2 jenkins jenkins   73 Apr 23 02:44 awsplaybook
-rw-r--r--.  1 jenkins jenkins  583 Apr 23 02:44 fifthplaybook.yml
-rw-r--r--.  1 jenkins jenkins  446 Apr 23 02:44 firstplaybook.yml
-rw-r--r--.  1 jenkins jenkins  545 Apr 23 02:44 fourhtplaybook.yml
drwxr-xr-x.  8 jenkins jenkins  162 Apr 23 03:15 .git
drwxr-xr-x.  2 jenkins jenkins   67 Apr 23 02:44 httpcust
drwxr-xr-x.  2 jenkins jenkins  142 Apr 23 02:44 httpdinstall
-rw-r--r--.  1 jenkins jenkins  579 Apr 23 02:44 http.yaml
-rw-r--r--.  1 jenkins jenkins   70 Apr 23 02:44 index.html
-rw-r--r--.  1 jenkins jenkins 1013 Apr 23 02:44 Jenkinsfile
-rw-r--r--.  1 jenkins jenkins  276 Apr 23 02:44 jenkinsfile1
drwxr-xr-x.  4 jenkins jenkins  120 Apr 23 02:44 lamp_impl
-rw-r--r--.  1 jenkins jenkins   54 Apr 23 02:44 links
drwxr-xr-x.  3 jenkins jenkins   24 Apr 23 02:44 roles
-rw-r--r--.  1 jenkins jenkins  207 Apr 23 02:44 sixth_user1.yml
-rw-r--r--.  1 jenkins jenkins  356 Apr 23 02:44 sixth_user.yml
-rw-r--r--.  1 jenkins jenkins  232 Apr 23 02:44 thirdplaybook.yml
drwxr-xr-x.  2 jenkins jenkins  108 Apr 23 02:44 tomcatdeploy
-rw-r--r--.  1 jenkins jenkins   45 Apr 23 02:44 tomcatplaybook.yml
-rw-r--r--.  1 jenkins jenkins  484 Apr 23 02:44 userpar.yml
[root@ip-172-31-88-197 pipeline1]# pwd
/var/lib/jenkins/workspace/pipeline1
[root@ip-172-31-88-197 pipeline1]#
[root@ip-172-31-88-197 pipeline1]# pwd
/var/lib/jenkins/workspace/pipeline1
[root@ip-172-31-88-197 pipeline1]# cd /var/lib/jenkins/jobs/pipeline1
[root@ip-172-31-88-197 pipeline1]# ls
builds  config.xml  lastStable  lastSuccessful  nextBuildNumber
[root@ip-172-31-88-197 pipeline1]# ls -al\
> ^C
[root@ip-172-31-88-197 pipeline1]# ls -al
total 12
drwxr-xr-x.  3 jenkins jenkins  101 Apr 23 03:15 .
drwxr-xr-x.  9 jenkins jenkins  136 Apr 22 03:50 ..
drwxr-xr-x. 17 jenkins jenkins 4096 Apr 23 03:15 builds
-rw-r--r--.  1 jenkins jenkins  931 Apr 23 03:15 config.xml
lrwxrwxrwx.  1 jenkins jenkins   22 Apr 23 03:15 lastStable -> builds/lastStableBuild
lrwxrwxrwx.  1 jenkins jenkins   26 Apr 23 03:15 lastSuccessful -> builds/lastSuccessfulBuild
-rw-r--r--.  1 jenkins jenkins    3 Apr 23 03:15 nextBuildNumber
[root@ip-172-31-88-197 pipeline1]# cd builds/
[root@ip-172-31-88-197 builds]# ls -al
total 4
drwxr-xr-x. 17 jenkins jenkins 4096 Apr 23 03:15 .
drwxr-xr-x.  3 jenkins jenkins  101 Apr 23 03:15 ..
drwxr-xr-x.  3 jenkins jenkins   67 Apr 23 02:43 1
drwxr-xr-x.  3 jenkins jenkins   67 Apr 23 03:02 10
drwxr-xr-x.  3 jenkins jenkins   67 Apr 23 03:07 11
drwxr-xr-x.  3 jenkins jenkins   67 Apr 23 03:09 12
drwxr-xr-x.  3 jenkins jenkins   67 Apr 23 03:11 13
drwxr-xr-x.  3 jenkins jenkins   89 Apr 23 03:15 14
drwxr-xr-x.  3 jenkins jenkins   67 Apr 23 03:15 15
drwxr-xr-x.  3 jenkins jenkins   89 Apr 23 02:44 2
drwxr-xr-x.  3 jenkins jenkins   89 Apr 23 02:45 3
drwxr-xr-x.  3 jenkins jenkins   89 Apr 23 02:50 4
drwxr-xr-x.  3 jenkins jenkins   67 Apr 23 02:59 5
drwxr-xr-x.  3 jenkins jenkins   67 Apr 23 02:59 6
drwxr-xr-x.  3 jenkins jenkins   67 Apr 23 03:00 7
drwxr-xr-x.  3 jenkins jenkins   67 Apr 23 03:01 8
drwxr-xr-x.  3 jenkins jenkins   67 Apr 23 03:01 9
lrwxrwxrwx.  1 jenkins jenkins    2 Apr 23 03:15 lastFailedBuild -> 14
lrwxrwxrwx.  1 jenkins jenkins    2 Apr 23 03:15 lastStableBuild -> 15
lrwxrwxrwx.  1 jenkins jenkins    2 Apr 23 03:15 lastSuccessfulBuild -> 15
lrwxrwxrwx.  1 jenkins jenkins    2 Apr 18 03:26 lastUnstableBuild -> -1
lrwxrwxrwx.  1 jenkins jenkins    2 Apr 23 03:15 lastUnsuccessfulBuild -> 14
-rw-r--r--.  1 jenkins jenkins    0 Feb 24 05:48 legacyIds
[root@ip-172-31-88-197 builds]# cd 15
[root@ip-172-31-88-197 15]# ls -al
total 20
drwxr-xr-x.  3 jenkins jenkins   67 Apr 23 03:15 .
drwxr-xr-x. 17 jenkins jenkins 4096 Apr 23 03:15 ..
-rw-r--r--.  1 jenkins jenkins 2258 Apr 23 03:15 build.xml
-rw-r--r--.  1 jenkins jenkins 5727 Apr 23 03:15 log
-rw-r--r--.  1 jenkins jenkins   23 Apr 23 03:15 log-index
drwxr-xr-x.  2 jenkins jenkins  152 Apr 23 03:15 workflow
[root@ip-172-31-88-197 15]# more log
Started by user ha:////4Alomik6AiVJXr/0CnNhsY1Rg8aeDX4nxY/vFdWaSDSYAAAAlx+LCAAAAAAAAP9b85aBtbiIQTGjNKU4P08vOT+vOD8nVc83PyU1x6OyILUoJ
zMv2y+/JJUBAhiZGBgqihhk0NSjKDWzXb3RdlLBUSYGJk8GtpzUvPSSDB8G5tKinBIGIZ+sxLJE/ZzEvHT94JKizLx0a6BxUmjGOUNodHsLgAzWEgZu/dLi1CL9xJTczDwAj6Gc
LcAAAAA=admin
Running in Durability level: MAX_SURVIVABILITY
ha:////4LXwmJtnX5YpttkrSHGsFqIiDBGl1hxRPsRF2h0jZi3yAAAAoh+LCAAAAAAAAP9tjTEOwjAQBM8BClpKHuFItIiK1krDC0x8GCfWnbEdkooX8TX+gCESFVvtrLSa5
wtWKcKBo5UdUu8otU4GP9jS5Mixv3geZcdn2TIl9igbHBs2eJyx4YwwR1SwULBGaj0nRzbDRnX6rmuvydanHMu2V1A5c4MHCFXMWcf8hSnC9jqYxPTz/BXAFEIGsfuclm8zQVqF
vQAAAA==[Pipeline] Start of Pipeline
ha:////4GsauJ0y1bqavWaJEZJD7+k6tNCC3qlZWZq588fP3yNAAAAApR+LCAAAAAAAAP9tjTEOwjAUQ3+KOrAycohUghExsUZZOEFIQkgb/d8mKe3EibgadyBQiQlLlmxL1
nu+oE4RjhQdby12HpP2vA+jK4lPFLtroIm3dOGaMFGwXNpJkrGnpUrKFhaxClYC1hZ1oOTRZdiIVt1VExS65pxj2Q4CKm8GeAAThZxVzN8yR9jeRpMIf5y/AJj7DGxXvP/86jdu
ZBmjwAAAAA==[Pipeline] node
Running on ha:////4AZ/+393U+mFMuirmzpNEelA45zxx0qTezkKAsGXBE0KAAAAnh+LCAAAAAAAAP9b85aBtbiIQTGjNKU4P08vOT+vOD8nVc83PyU1x6OyILUoJzMv2y
+/JJUBAhiZGBgqihhk0NSjKDWzXb3RdlLBUSYGJk8GtpzUvPSSDB8G5tKinBIGIZ+sxLJE/ZzEvHT94JKizLx0a6BxUmjGOUNodHsLgAz2EgZh/eT83ILSktQifY3cxGIgrakPA
Hib2iPIAAAAJenkins in /var/lib/jenkins/workspace/pipeline1
ha:////4IkuatCFUFvkmAWqP08YEtTi1n35TEsAWwW5Er0yK1IvAAAApR+LCAAAAAAAAP9tjTEOwjAUQ3+KOrAycoh0gA0xsUZZOEFIQkgb/d8mKe3EibgadyBQiQlLlmxL1
nu+oE4RjhQdby12HpP2vA+jK4lPFLtroIm3dOGaMFGwXNpJkrGnpUrKFhaxClYC1hZ1oOTRZdiIVt1VExS65pxj2Q4CKm8GeAAThZxVzN8yR9jeRpMIf5y/AJj7DGxXvP/86jfo
P95RwAAAAA==[Pipeline] {
ha:////4ALO6RKhVsT3sxSJpIbIrVuJ40JKvbebOJ1Au6YW/zVfAAAApR+LCAAAAAAAAP9tjTEOwjAUQ3+KOrAycoh0gQkxsUZZOEFIQkgb/d8mKe3EibgadyBQiQlLlmxL1
nu+oE4RjhQdby12HpP2vA+jK4lPFLtroIm3dOGaMFGwXNpJkrGnpUrKFhaxClYC1hZ1oOTRZdiIVt1VExS65pxj2Q4CKm8GeAAThZxVzN8yR9jeRpMIf5y/AJj7DGxXvP/86jc0
9154wAAAAA==[Pipeline] stage
ha:////4Ibuqj5lPWCBDc7FKKmWFnR6c7ZwYOJkF064xEby79BJAAAApR+LCAAAAAAAAP9tjTEOwjAUQ3+KOrAycoh0ggUxsUZZOEFIQkgb/d8mKe3EibgadyBQiQlLlmxL1
nu+oE4RjhQdby12HpP2vA+jK4lPFLtroIm3dOGaMFGwXNpJkrGnpUrKFhaxClYC1hZ1oOTRZdiIVt1VExS65pxj2Q4CKm8GeAAThZxVzN8yR9jeRpMIf5y/AJj7DGxXvP/86jek
7ggRwAAAAA==[Pipeline] { (downloading git repo)
ha:////4Pky8DZTZWvcWns1Mogp+OMQrqFT3gTtoR3/YjN56nDGAAAAoh+LCAAAAAAAAP9tjTEOAiEURD9rLGwtPQTbaWGsbAmNJ0AWEZb8zwLrbuWJvJp3kLiJlZNMMm+a9
3rDOic4UbLcG+wdZu14DKOti0+U+lugiXu6ck2YKRguzSSpM+cFJRUDS1gDKwEbgzpQdmgLbIVXD9UGhba9lFS/o4DGdQM8gYlqLiqVL8wJdvexy4Q/z18BzLEA29ce4gfg7KmO
vAAAAA==[Pipeline] sh
+ ssh -o StrictHostKeyChecking=no centos@54.90.89.101 -C 'sudo su - root -c "

                                    cd /var/tmp;
                                git clone https://github.com/pragathi-devopsgroup/ansible-playbooks.git;
                                cd ansible-playbooks;
                                ls -al
         " '
Cloning into 'ansible-playbooks'...
total 60
drwxr-xr-x. 10 root root 4096 Apr 23 03:15 .
drwxrwxrwt.  7 root root  179 Apr 23 03:15 ..
drwxr-xr-x.  2 root root    6 Apr 23 03:15 ansible-examples
-rw-r--r--.  1 root root  254 Apr 23 03:15 apache2.yml
drwxr-xr-x.  2 root root   73 Apr 23 03:15 awsplaybook
-rw-r--r--.  1 root root  583 Apr 23 03:15 fifthplaybook.yml
-rw-r--r--.  1 root root  446 Apr 23 03:15 firstplaybook.yml
-rw-r--r--.  1 root root  545 Apr 23 03:15 fourhtplaybook.yml
drwxr-xr-x.  8 root root  163 Apr 23 03:15 .git
drwxr-xr-x.  2 root root   67 Apr 23 03:15 httpcust
drwxr-xr-x.  2 root root  142 Apr 23 03:15 httpdinstall
-rw-r--r--.  1 root root  579 Apr 23 03:15 http.yaml
-rw-r--r--.  1 root root   70 Apr 23 03:15 index.html
-rw-r--r--.  1 root root 1013 Apr 23 03:15 Jenkinsfile
-rw-r--r--.  1 root root  276 Apr 23 03:15 jenkinsfile1
drwxr-xr-x.  4 root root  120 Apr 23 03:15 lamp_impl
-rw-r--r--.  1 root root   54 Apr 23 03:15 links
drwxr-xr-x.  3 root root   24 Apr 23 03:15 roles
-rw-r--r--.  1 root root  207 Apr 23 03:15 sixth_user1.yml
-rw-r--r--.  1 root root  356 Apr 23 03:15 sixth_user.yml
-rw-r--r--.  1 root root  232 Apr 23 03:15 thirdplaybook.yml
drwxr-xr-x.  2 root root  108 Apr 23 03:15 tomcatdeploy
-rw-r--r--.  1 root root   45 Apr 23 03:15 tomcatplaybook.yml
-rw-r--r--.  1 root root  484 Apr 23 03:15 userpar.yml
ha:////4N84dSLc9NVpwElF6lPbP80/h/cYLWZeaJiTFQ5w6ACqAAAAoh+LCAAAAAAAAP9tjTEOAiEURD9rLGwtPQTbGRNjZUtoPAGyiLDkfxZYdytP5NW8g8RNrJxkknnTv
Ncb1jnBiZLl3mDvMGvHYxhtXXyi1N8CTdzTlWvCTMFwaSZJnTkvKKkYWMIaWAnYGNSBskNbYCu8eqg2KLTtpaT6HQU0rhvgCUxUc1GpfGFOsLuPXSb8ef4KYI6xADvU7j9Dg2gq
vAAAAA==[Pipeline] }
ha:////4Pv3OGLqGdCYiLpH4dishWhwt7ki/AMOc5ViioJ7KgOlAAAAoh+LCAAAAAAAAP9tjTEOAiEURD9rLGwtPQRbWRhjZUtoPAGyiLDkfxZYdytP5NW8g8RNrJxkknnTv
Ncb1jnBiZLl3mDvMGvHYxhtXXyi1N8CTdzTlWvCTMFwaSZJnTkvKKkYWMIaWAnYGNSBskNbYCu8eqg2KLTtpaT6HQU0rhvgCUxUc1GpfGFOsLuPXSb8ef4KYI6xADvU7j9J+wGO
vAAAAA==[Pipeline] // stage
ha:////4Abt1WTGHemtyZGhxGhXQxi3OE0fjWBKeNlk7xSYcmY9AAAAox+LCAAAAAAAAP9tjTEOwjAQBDdBFLSUPMIBiQ5R0VppeIFJjHFi3QX7QlLxIr7GH4iIRMVWO9PM6
41lijhydKqx1HpKlVdd6N301MCxvQYeVMMXVTElDlaVdii5tqcZSxaLeVmOhcbKUhU4eXKCtW7MwxTBkCvOEid30Mh9fccTmZ7KYqJ8YYzY3Po6Mf06fwMYu06Q77aCbP8BhStF
0r0AAAA=[Pipeline] }
ha:////4G8jm/Ka+wSZJjEKp5CPT45ughIi5+u9lW0WsnHrIVN1AAAAoh+LCAAAAAAAAP9tjbEOgjAURS8YB1dHP6KEOBon14bFL6hQa6F5D9uHMPlF/pr/IJHEyTvdc5bze
mOdIo4cnWotdZ5S7VUfBjc/NXLsroFH1fJF1UyJg1WVHStu7GnBisViWZZjpbGxVAdOnpxgq1vzMEUw5IqzxNkdNHLf3PFEpueymChfmCJ2t6FJTL/O3wCmvhfkZSnI9h+Wl0Fx
vQAAAA==[Pipeline] // node
ha:////4PTVN1NZ/eCv/NKxvaA+VXmHaLVm8mli3M+wSlsM8o/XAAAAoh+LCAAAAAAAAP9tjTESgjAQRT84FraWHiKMtI6VbYbGE0SIMZDZxWQRKk/k1byDjMxY+av/XvNeb
6xTxJGjU62lzlOqverD4OanRo7dNfCoWr6omilxsKqyY8WNPS1YsVgsy3KsNDaW6sDJkxNsdWsepgiGXHGWOLuDRu6bO57I9FwWE+ULU8TuNjSJ6df5G8DU94J8Xwqy8gPQ3eZB
vQAAAA==[Pipeline] End of Pipeline
Finished: SUCCESS
[root@ip-172-31-88-197 15]# ls -al
total 20
drwxr-xr-x.  3 jenkins jenkins   67 Apr 23 03:15 .
drwxr-xr-x. 17 jenkins jenkins 4096 Apr 23 03:15 ..
-rw-r--r--.  1 jenkins jenkins 2258 Apr 23 03:15 build.xml
-rw-r--r--.  1 jenkins jenkins 5727 Apr 23 03:15 log
-rw-r--r--.  1 jenkins jenkins   23 Apr 23 03:15 log-index
drwxr-xr-x.  2 jenkins jenkins  152 Apr 23 03:15 workflow
[root@ip-172-31-88-197 15]# pwd
/var/lib/jenkins/jobs/pipeline1/builds/15
[root@ip-172-31-88-197 15]# cd 15^C
[root@ip-172-31-88-197 15]# exit
logout
[centos@ip-172-31-88-197 ~]$ ssh 54.90.89.101
Last login: Tue Apr 23 03:05:26 2019 from 3.93.236.138
[centos@ip-172-31-84-95 ~]$ sudo su -
Last login: Tue Apr 23 03:15:36 UTC 2019
[root@ip-172-31-84-95 ~]# rm -rf /var/tmp/ansible-playbooks/
[root@ip-172-31-84-95 ~]# exit
logout
[centos@ip-172-31-84-95 ~]$ exit
logout
Connection to 54.90.89.101 closed.
[centos@ip-172-31-88-197 ~]$ date
Tue Apr 23 03:43:42 UTC 2019
[centos@ip-172-31-88-197 ~]$
------------------------------------------


node  {
	stage('downloading git repo'){
	ssh_server = "54.90.89.101"
	sh label: '', script: ''' ssh -o StrictHostKeyChecking=no centos@54.90.89.101 -C 'sudo su - root -c " 
	                            cd /var/tmp;
                                git clone https://github.com/pragathi-devopsgroup/ansible-playbooks.git;
                                cd ansible-playbooks;
                                ls -al; 
                                cd ..;
                                rm -rf ansible-playbooks
	 " ' '''
	
	}

}


-----------------------------------

ssh 54.90.89.101 -C 'sudo su - root -c " yum install -y git " '

node  {
	stage('downloading git repo'){
	ssh_server = 54.90.89.101
	sh label: '', script: ''' ssh -q centos@54.90.89.101 -C 'sudo su - root -c " yum install -y git " ' '''
	
	}

}

node  {
	stage('downloading git repo'){
	
ssh_server = "54.90.89.101"
	sh label: '', script: ''' ssh -o StrictHostKeyChecking=no centos@54.90.89.101 -C 'sudo su - root -c " 
	
	                            cd /var/tmp;
                                
git clone https://github.com/pragathi-devopsgroup/ansible-playbooks.git;
                                
cd ansible-playbooks;
                                ls -al; 
                                cd ..;
                                rm -rf ansible-playbooks
	 " ' '''
	
	}

}

